Archive member included to satisfy reference by file (symbol)

C:/ST/STM32CubeIDE_1.19.0/STM32CubeIDE/plugins/com.st.stm32cube.ide.mcu.externaltools.gnu-tools-for-stm32.13.3.rel1.win32_1.0.0.202411081344/tools/bin/../lib/gcc/arm-none-eabi/13.3.1/../../../../arm-none-eabi/lib/thumb/v7-m/nofp\libc_nano.a(libc_a-exit.o)
                              C:/ST/STM32CubeIDE_1.19.0/STM32CubeIDE/plugins/com.st.stm32cube.ide.mcu.externaltools.gnu-tools-for-stm32.13.3.rel1.win32_1.0.0.202411081344/tools/bin/../lib/gcc/arm-none-eabi/13.3.1/../../../../arm-none-eabi/lib/thumb/v7-m/nofp/crt0.o (exit)
C:/ST/STM32CubeIDE_1.19.0/STM32CubeIDE/plugins/com.st.stm32cube.ide.mcu.externaltools.gnu-tools-for-stm32.13.3.rel1.win32_1.0.0.202411081344/tools/bin/../lib/gcc/arm-none-eabi/13.3.1/../../../../arm-none-eabi/lib/thumb/v7-m/nofp\libc_nano.a(libc_a-findfp.o)
                              C:/ST/STM32CubeIDE_1.19.0/STM32CubeIDE/plugins/com.st.stm32cube.ide.mcu.externaltools.gnu-tools-for-stm32.13.3.rel1.win32_1.0.0.202411081344/tools/bin/../lib/gcc/arm-none-eabi/13.3.1/../../../../arm-none-eabi/lib/thumb/v7-m/nofp\libc_nano.a(libc_a-exit.o) (__stdio_exit_handler)
C:/ST/STM32CubeIDE_1.19.0/STM32CubeIDE/plugins/com.st.stm32cube.ide.mcu.externaltools.gnu-tools-for-stm32.13.3.rel1.win32_1.0.0.202411081344/tools/bin/../lib/gcc/arm-none-eabi/13.3.1/../../../../arm-none-eabi/lib/thumb/v7-m/nofp\libc_nano.a(libc_a-fwalk.o)
                              C:/ST/STM32CubeIDE_1.19.0/STM32CubeIDE/plugins/com.st.stm32cube.ide.mcu.externaltools.gnu-tools-for-stm32.13.3.rel1.win32_1.0.0.202411081344/tools/bin/../lib/gcc/arm-none-eabi/13.3.1/../../../../arm-none-eabi/lib/thumb/v7-m/nofp\libc_nano.a(libc_a-findfp.o) (_fwalk_sglue)
C:/ST/STM32CubeIDE_1.19.0/STM32CubeIDE/plugins/com.st.stm32cube.ide.mcu.externaltools.gnu-tools-for-stm32.13.3.rel1.win32_1.0.0.202411081344/tools/bin/../lib/gcc/arm-none-eabi/13.3.1/../../../../arm-none-eabi/lib/thumb/v7-m/nofp\libc_nano.a(libc_a-stdio.o)
                              C:/ST/STM32CubeIDE_1.19.0/STM32CubeIDE/plugins/com.st.stm32cube.ide.mcu.externaltools.gnu-tools-for-stm32.13.3.rel1.win32_1.0.0.202411081344/tools/bin/../lib/gcc/arm-none-eabi/13.3.1/../../../../arm-none-eabi/lib/thumb/v7-m/nofp\libc_nano.a(libc_a-findfp.o) (__sread)
C:/ST/STM32CubeIDE_1.19.0/STM32CubeIDE/plugins/com.st.stm32cube.ide.mcu.externaltools.gnu-tools-for-stm32.13.3.rel1.win32_1.0.0.202411081344/tools/bin/../lib/gcc/arm-none-eabi/13.3.1/../../../../arm-none-eabi/lib/thumb/v7-m/nofp\libc_nano.a(libc_a-memset.o)
                              C:/ST/STM32CubeIDE_1.19.0/STM32CubeIDE/plugins/com.st.stm32cube.ide.mcu.externaltools.gnu-tools-for-stm32.13.3.rel1.win32_1.0.0.202411081344/tools/bin/../lib/gcc/arm-none-eabi/13.3.1/../../../../arm-none-eabi/lib/thumb/v7-m/nofp/crt0.o (memset)
C:/ST/STM32CubeIDE_1.19.0/STM32CubeIDE/plugins/com.st.stm32cube.ide.mcu.externaltools.gnu-tools-for-stm32.13.3.rel1.win32_1.0.0.202411081344/tools/bin/../lib/gcc/arm-none-eabi/13.3.1/../../../../arm-none-eabi/lib/thumb/v7-m/nofp\libc_nano.a(libc_a-stpcpy.o)
                              ./Core/Src/main.o (stpcpy)
C:/ST/STM32CubeIDE_1.19.0/STM32CubeIDE/plugins/com.st.stm32cube.ide.mcu.externaltools.gnu-tools-for-stm32.13.3.rel1.win32_1.0.0.202411081344/tools/bin/../lib/gcc/arm-none-eabi/13.3.1/../../../../arm-none-eabi/lib/thumb/v7-m/nofp\libc_nano.a(libc_a-closer.o)
                              C:/ST/STM32CubeIDE_1.19.0/STM32CubeIDE/plugins/com.st.stm32cube.ide.mcu.externaltools.gnu-tools-for-stm32.13.3.rel1.win32_1.0.0.202411081344/tools/bin/../lib/gcc/arm-none-eabi/13.3.1/../../../../arm-none-eabi/lib/thumb/v7-m/nofp\libc_nano.a(libc_a-stdio.o) (_close_r)
C:/ST/STM32CubeIDE_1.19.0/STM32CubeIDE/plugins/com.st.stm32cube.ide.mcu.externaltools.gnu-tools-for-stm32.13.3.rel1.win32_1.0.0.202411081344/tools/bin/../lib/gcc/arm-none-eabi/13.3.1/../../../../arm-none-eabi/lib/thumb/v7-m/nofp\libc_nano.a(libc_a-reent.o)
                              C:/ST/STM32CubeIDE_1.19.0/STM32CubeIDE/plugins/com.st.stm32cube.ide.mcu.externaltools.gnu-tools-for-stm32.13.3.rel1.win32_1.0.0.202411081344/tools/bin/../lib/gcc/arm-none-eabi/13.3.1/../../../../arm-none-eabi/lib/thumb/v7-m/nofp\libc_nano.a(libc_a-closer.o) (errno)
C:/ST/STM32CubeIDE_1.19.0/STM32CubeIDE/plugins/com.st.stm32cube.ide.mcu.externaltools.gnu-tools-for-stm32.13.3.rel1.win32_1.0.0.202411081344/tools/bin/../lib/gcc/arm-none-eabi/13.3.1/../../../../arm-none-eabi/lib/thumb/v7-m/nofp\libc_nano.a(libc_a-impure.o)
                              C:/ST/STM32CubeIDE_1.19.0/STM32CubeIDE/plugins/com.st.stm32cube.ide.mcu.externaltools.gnu-tools-for-stm32.13.3.rel1.win32_1.0.0.202411081344/tools/bin/../lib/gcc/arm-none-eabi/13.3.1/../../../../arm-none-eabi/lib/thumb/v7-m/nofp\libc_nano.a(libc_a-reent.o) (_impure_ptr)
[...]
Memory Configuration

Name             Origin             Length             Attributes
RAM              0x20000000         0x00005000         xrw
FLASH            0x08000000         0x00010000         xr
*default*        0x00000000         0xffffffff

Linker script and memory map

LOAD C:/ST/STM32CubeIDE_1.19.0/STM32CubeIDE/plugins/com.st.stm32cube.ide.mcu.externaltools.gnu-tools-for-stm32.13.3.rel1.win32_1.0.0.202411081344/tools/bin/../lib/gcc/arm-none-eabi/13.3.1/thumb/v7-m/nofp/crti.o
LOAD C:/ST/STM32CubeIDE_1.19.0/STM32CubeIDE/plugins/com.st.stm32cube.ide.mcu.externaltools.gnu-tools-for-stm32.13.3.rel1.win32_1.0.0.202411081344/tools/bin/../lib/gcc/arm-none-eabi/13.3.1/thumb/v7-m/nofp/crtbegin.o
LOAD C:/ST/STM32CubeIDE_1.19.0/STM32CubeIDE/plugins/com.st.stm32cube.ide.mcu.externaltools.gnu-tools-for-stm32.13.3.rel1.win32_1.0.0.202411081344/tools/bin/../lib/gcc/arm-none-eabi/13.3.1/../../../../arm-none-eabi/lib/thumb/v7-m/nofp/crt0.o
LOAD ./CaptureLib/fpCounter/src/fpCounter.o
LOAD ./Core/Src/delay.o
LOAD ./Core/Src/main.o
LOAD ./Core/Src/stm32f1xx_it.o
LOAD ./Core/Src/syscalls.o
LOAD ./Core/Src/sysmem.o
LOAD ./Core/Src/system_stm32f1xx.o
LOAD ./Core/Startup/startup_stm32f103c8tx.o
LOAD ./Drivers/STM32F1xx_HAL_Driver/Src/stm32f1xx_ll_dma.o
LOAD ./Drivers/STM32F1xx_HAL_Driver/Src/stm32f1xx_ll_exti.o
LOAD ./Drivers/STM32F1xx_HAL_Driver/Src/stm32f1xx_ll_gpio.o
LOAD ./Drivers/STM32F1xx_HAL_Driver/Src/stm32f1xx_ll_pwr.o
LOAD ./Drivers/STM32F1xx_HAL_Driver/Src/stm32f1xx_ll_rcc.o
LOAD ./Drivers/STM32F1xx_HAL_Driver/Src/stm32f1xx_ll_spi.o
LOAD ./Drivers/STM32F1xx_HAL_Driver/Src/stm32f1xx_ll_tim.o
LOAD ./Drivers/STM32F1xx_HAL_Driver/Src/stm32f1xx_ll_utils.o
LOAD ./Stairman/Stairman.o
LOAD ./Stairman/stairman1.o
LOAD ./Stairman/stairman10.o
LOAD ./Stairman/stairman11.o
LOAD ./Stairman/stairman12.o
LOAD ./Stairman/stairman13.o
LOAD ./Stairman/stairman14.o
LOAD ./Stairman/stairman15.o
LOAD ./Stairman/stairman16.o
LOAD ./Stairman/stairman17.o
LOAD ./Stairman/stairman18.o
LOAD ./Stairman/stairman19.o
LOAD ./Stairman/stairman2.o
LOAD ./Stairman/stairman20.o
LOAD ./Stairman/stairman21.o
LOAD ./Stairman/stairman22.o
LOAD ./Stairman/stairman23.o
LOAD ./Stairman/stairman24.o
LOAD ./Stairman/stairman25.o
LOAD ./Stairman/stairman26.o
LOAD ./Stairman/stairman27.o
LOAD ./Stairman/stairman28.o
LOAD ./Stairman/stairman3.o
LOAD ./Stairman/stairman4.o
LOAD ./Stairman/stairman5.o
LOAD ./Stairman/stairman6.o
LOAD ./Stairman/stairman7.o
LOAD ./Stairman/stairman8.o
LOAD ./Stairman/stairman9.o
LOAD ./Stairman/stairmanfront.o
LOAD ./ll_Lib/src/Font_8x10.o
LOAD ./ll_Lib/src/Image_rgb.o
LOAD ./ll_Lib/src/PulseC.o
LOAD ./ll_Lib/src/freqC.o
LOAD ./ll_Lib/src/st7735s_ll.o
START GROUP
LOAD C:/ST/STM32CubeIDE_1.19.0/STM32CubeIDE/plugins/com.st.stm32cube.ide.mcu.externaltools.gnu-tools-for-stm32.13.3.rel1.win32_1.0.0.202411081344/tools/bin/../lib/gcc/arm-none-eabi/13.3.1/../../../../arm-none-eabi/lib/thumb/v7-m/nofp\libc_nano.a
LOAD C:/ST/STM32CubeIDE_1.19.0/STM32CubeIDE/plugins/com.st.stm32cube.ide.mcu.externaltools.gnu-tools-for-stm32.13.3.rel1.win32_1.0.0.202411081344/tools/bin/../lib/gcc/arm-none-eabi/13.3.1/../../../../arm-none-eabi/lib/thumb/v7-m/nofp\libm.a
END GROUP
START GROUP
LOAD C:/ST/STM32CubeIDE_1.19.0/STM32CubeIDE/plugins/com.st.stm32cube.ide.mcu.externaltools.gnu-tools-for-stm32.13.3.rel1.win32_1.0.0.202411081344/tools/bin/../lib/gcc/arm-none-eabi/13.3.1/thumb/v7-m/nofp\libgcc.a
LOAD C:/ST/STM32CubeIDE_1.19.0/STM32CubeIDE/plugins/com.st.stm32cube.ide.mcu.externaltools.gnu-tools-for-stm32.13.3.rel1.win32_1.0.0.202411081344/tools/bin/../lib/gcc/arm-none-eabi/13.3.1/../../../../arm-none-eabi/lib/thumb/v7-m/nofp\libc_nano.a
END GROUP
START GROUP
LOAD C:/ST/STM32CubeIDE_1.19.0/STM32CubeIDE/plugins/com.st.stm32cube.ide.mcu.externaltools.gnu-tools-for-stm32.13.3.rel1.win32_1.0.0.202411081344/tools/bin/../lib/gcc/arm-none-eabi/13.3.1/thumb/v7-m/nofp\libgcc.a
LOAD C:/ST/STM32CubeIDE_1.19.0/STM32CubeIDE/plugins/com.st.stm32cube.ide.mcu.externaltools.gnu-tools-for-stm32.13.3.rel1.win32_1.0.0.202411081344/tools/bin/../lib/gcc/arm-none-eabi/13.3.1/../../../../arm-none-eabi/lib/thumb/v7-m/nofp\libc_nano.a
LOAD C:/ST/STM32CubeIDE_1.19.0/STM32CubeIDE/plugins/com.st.stm32cube.ide.mcu.externaltools.gnu-tools-for-stm32.13.3.rel1.win32_1.0.0.202411081344/tools/bin/../lib/gcc/arm-none-eabi/13.3.1/../../../../arm-none-eabi/lib/thumb/v7-m/nofp\libnosys.a
END GROUP
START GROUP
LOAD C:/ST/STM32CubeIDE_1.19.0/STM32CubeIDE/plugins/com.st.stm32cube.ide.mcu.externaltools.gnu-tools-for-stm32.13.3.rel1.win32_1.0.0.202411081344/tools/bin/../lib/gcc/arm-none-eabi/13.3.1/thumb/v7-m/nofp\libgcc.a
LOAD C:/ST/STM32CubeIDE_1.19.0/STM32CubeIDE/plugins/com.st.stm32cube.ide.mcu.externaltools.gnu-tools-for-stm32.13.3.rel1.win32_1.0.0.202411081344/tools/bin/../lib/gcc/arm-none-eabi/13.3.1/../../../../arm-none-eabi/lib/thumb/v7-m/nofp\libc_nano.a
LOAD C:/ST/STM32CubeIDE_1.19.0/STM32CubeIDE/plugins/com.st.stm32cube.ide.mcu.externaltools.gnu-tools-for-stm32.13.3.rel1.win32_1.0.0.202411081344/tools/bin/../lib/gcc/arm-none-eabi/13.3.1/../../../../arm-none-eabi/lib/thumb/v7-m/nofp\libnosys.a
END GROUP
LOAD C:/ST/STM32CubeIDE_1.19.0/STM32CubeIDE/plugins/com.st.stm32cube.ide.mcu.externaltools.gnu-tools-for-stm32.13.3.rel1.win32_1.0.0.202411081344/tools/bin/../lib/gcc/arm-none-eabi/13.3.1/thumb/v7-m/nofp/crtend.o
LOAD C:/ST/STM32CubeIDE_1.19.0/STM32CubeIDE/plugins/com.st.stm32cube.ide.mcu.externaltools.gnu-tools-for-stm32.13.3.rel1.win32_1.0.0.202411081344/tools/bin/../lib/gcc/arm-none-eabi/13.3.1/thumb/v7-m/nofp/crtn.o
                0x20005000                        _estack = (ORIGIN (RAM) + LENGTH (RAM))
                0x00000200                        _Min_Heap_Size = 0x200
                0x00000400                        _Min_Stack_Size = 0x400

.isr_vector     0x08000000      0x10c
                0x08000000                        . = ALIGN (0x4)
 *(.isr_vector)
 .isr_vector    0x08000000      0x10c ./Core/Startup/startup_stm32f103c8tx.o
                0x08000000                g_pfnVectors
                0x0800010c                        . = ALIGN (0x4)

.text           0x08000110     0x2a64
                0x08000110                        . = ALIGN (0x4)
 *(.text)
 .text          0x08000110       0x40 C:/ST/STM32CubeIDE_1.19.0/STM32CubeIDE/plugins/com.st.stm32cube.ide.mcu.externaltools.gnu-tools-for-stm32.13.3.rel1.win32_1.0.0.202411081344/tools/bin/../lib/gcc/arm-none-eabi/13.3.1/thumb/v7-m/nofp/crtbegin.o
 .text          0x08000150       0x10 C:/ST/STM32CubeIDE_1.19.0/STM32CubeIDE/plugins/com.st.stm32cube.ide.mcu.externaltools.gnu-tools-for-stm32.13.3.rel1.win32_1.0.0.202411081344/tools/bin/../lib/gcc/arm-none-eabi/13.3.1/../../../../arm-none-eabi/lib/thumb/v7-m/nofp\libc_nano.a(libc_a-strlen.o)
                0x08000150                strlen
 .text          0x08000160      0x378 C:/ST/STM32CubeIDE_1.19.0/STM32CubeIDE/plugins/com.st.stm32cube.ide.mcu.externaltools.gnu-tools-for-stm32.13.3.rel1.win32_1.0.0.202411081344/tools/bin/../lib/gcc/arm-none-eabi/13.3.1/thumb/v7-m/nofp\libgcc.a(_arm_addsubdf3.o)
                0x08000160                __aeabi_drsub
                0x08000168                __aeabi_dsub
                0x08000168                __subdf3
                0x0800016c                __aeabi_dadd
                0x0800016c                __adddf3
                0x080003e4                __floatunsidf
                0x080003e4                __aeabi_ui2d
                0x08000404                __floatsidf
                0x08000404                __aeabi_i2d
                0x08000428                __aeabi_f2d
                0x08000428                __extendsfdf2
                0x0800046c                __floatundidf
                0x0800046c                __aeabi_ul2d
                0x0800047c                __floatdidf
                0x0800047c                __aeabi_l2d
 .text          0x080004d8      0x424 C:/ST/STM32CubeIDE_1.19.0/STM32CubeIDE/plugins/com.st.stm32cube.ide.mcu.externaltools.gnu-tools-for-stm32.13.3.rel1.win32_1.0.0.202411081344/tools/bin/../lib/gcc/arm-none-eabi/13.3.1/thumb/v7-m/nofp\libgcc.a(_arm_muldivdf3.o)
                0x080004d8                __aeabi_dmul
                0x080004d8                __muldf3
                0x0800072c                __divdf3
                0x0800072c                __aeabi_ddiv
 .text          0x080008fc       0x40 C:/ST/STM32CubeIDE_1.19.0/STM32CubeIDE/plugins/com.st.stm32cube.ide.mcu.externaltools.gnu-tools-for-stm32.13.3.rel1.win32_1.0.0.202411081344/tools/bin/../lib/gcc/arm-none-eabi/13.3.1/thumb/v7-m/nofp\libgcc.a(_arm_fixunsdfsi.o)
                0x080008fc                __aeabi_d2uiz
                0x080008fc                __fixunsdfsi
 .text          0x0800093c      0x21c C:/ST/STM32CubeIDE_1.19.0/STM32CubeIDE/plugins/com.st.stm32cube.ide.mcu.externaltools.gnu-tools-for-stm32.13.3.rel1.win32_1.0.0.202411081344/tools/bin/../lib/gcc/arm-none-eabi/13.3.1/thumb/v7-m/nofp\libgcc.a(_arm_addsubsf3.o)
                0x0800093c                __aeabi_frsub
                0x08000944                __subsf3
                0x08000944                __aeabi_fsub
                0x08000948                __aeabi_fadd
                0x08000948                __addsf3
                0x08000aa8                __aeabi_ui2f
                0x08000aa8                __floatunsisf
                0x08000ab0                __aeabi_i2f
                0x08000ab0                __floatsisf
                0x08000acc                __aeabi_ul2f
                0x08000acc                __floatundisf
                0x08000adc                __aeabi_l2f
                0x08000adc                __floatdisf
 .text          0x08000b58      0x2a0 C:/ST/STM32CubeIDE_1.19.0/STM32CubeIDE/plugins/com.st.stm32cube.ide.mcu.externaltools.gnu-tools-for-stm32.13.3.rel1.win32_1.0.0.202411081344/tools/bin/../lib/gcc/arm-none-eabi/13.3.1/thumb/v7-m/nofp\libgcc.a(_arm_muldivsf3.o)
                0x08000b58                __mulsf3
                0x08000b58                __aeabi_fmul
                0x08000cc0                __aeabi_fdiv
                0x08000cc0                __divsf3
 .text          0x08000df8       0xec C:/ST/STM32CubeIDE_1.19.0/STM32CubeIDE/plugins/com.st.stm32cube.ide.mcu.externaltools.gnu-tools-for-stm32.13.3.rel1.win32_1.0.0.202411081344/tools/bin/../lib/gcc/arm-none-eabi/13.3.1/thumb/v7-m/nofp\libgcc.a(_arm_cmpsf2.o)
                0x08000df8                __gesf2
                0x08000df8                __gtsf2
                0x08000e00                __lesf2
                0x08000e00                __ltsf2
                0x08000e08                __nesf2
                0x08000e08                __eqsf2
                0x08000e08                __cmpsf2
                0x08000e68                __aeabi_cfrcmple
                0x08000e70                __aeabi_cfcmpeq
                0x08000e70                __aeabi_cfcmple
                0x08000e80                __aeabi_fcmpeq
                0x08000e94                __aeabi_fcmplt
                0x08000ea8                __aeabi_fcmple
                0x08000ebc                __aeabi_fcmpge
                0x08000ed0                __aeabi_fcmpgt
 .text          0x08000ee4       0x4c C:/ST/STM32CubeIDE_1.19.0/STM32CubeIDE/plugins/com.st.stm32cube.ide.mcu.externaltools.gnu-tools-for-stm32.13.3.rel1.win32_1.0.0.202411081344/tools/bin/../lib/gcc/arm-none-eabi/13.3.1/thumb/v7-m/nofp\libgcc.a(_arm_fixsfsi.o)
                0x08000ee4                __aeabi_f2iz
                0x08000ee4                __fixsfsi
 *(.text*)
 .text.fpCounter_p_init
                0x08000f30       0x90 ./CaptureLib/fpCounter/src/fpCounter.o
                0x08000f30                fpCounter_p_init
 .text.fpCounter_p_get
                0x08000fc0       0x74 ./CaptureLib/fpCounter/src/fpCounter.o
                0x08000fc0                fpCounter_p_get
 .text.delay_ms
                0x08001034        0x4 ./Core/Src/delay.o
                0x08001034                delay_ms
 .text.Stairman_Update.part.0
                0x08001038       0xb4 ./Core/Src/main.o
 .text.SystemClock_Config
                0x080010ec       0x98 ./Core/Src/main.o
                0x080010ec                SystemClock_Config
 .text.draw_waveform
                0x08001184       0x94 ./Core/Src/main.o
                0x08001184                draw_waveform
 .text.itoa     0x08001218       0x54 ./Core/Src/main.o
                0x08001218                itoa
 .text.float_to_str
                0x0800126c       0x68 ./Core/Src/main.o
                0x0800126c                float_to_str
 .text.draw_duty
                0x080012d4       0x64 ./Core/Src/main.o
                0x080012d4                draw_duty
 .text.format_frequency
                0x08001338       0xa0 ./Core/Src/main.o
                0x08001338                format_frequency
 .text.startup.main
                0x080013d8      0x75c ./Core/Src/main.o
                0x080013d8                main
 .text.NMI_Handler
                0x08001b34        0x4 ./Core/Src/stm32f1xx_it.o
                0x08001b34                NMI_Handler
 .text.HardFault_Handler
                0x08001b38        0x4 ./Core/Src/stm32f1xx_it.o
                0x08001b38                HardFault_Handler
 .text.MemManage_Handler
                0x08001b3c        0x4 ./Core/Src/stm32f1xx_it.o
                0x08001b3c                MemManage_Handler
 .text.BusFault_Handler
                0x08001b40        0x4 ./Core/Src/stm32f1xx_it.o
                0x08001b40                BusFault_Handler
 .text.UsageFault_Handler
                0x08001b44        0x4 ./Core/Src/stm32f1xx_it.o
                0x08001b44                UsageFault_Handler
 .text.SVC_Handler
                0x08001b48        0x4 ./Core/Src/stm32f1xx_it.o
                0x08001b48                SVC_Handler
 .text.DebugMon_Handler
                0x08001b4c        0x4 ./Core/Src/stm32f1xx_it.o
                0x08001b4c                DebugMon_Handler
 .text.PendSV_Handler
                0x08001b50        0x4 ./Core/Src/stm32f1xx_it.o
                0x08001b50                PendSV_Handler
 .text.SysTick_Handler
                0x08001b54       0x10 ./Core/Src/stm32f1xx_it.o
                0x08001b54                SysTick_Handler
 .text.SystemInit
                0x08001b64        0x4 ./Core/Src/system_stm32f1xx.o
                0x08001b64                SystemInit
 .text.Reset_Handler
                0x08001b68       0x48 ./Core/Startup/startup_stm32f103c8tx.o
                0x08001b68                Reset_Handler
 .text.Default_Handler
                0x08001bb0        0x2 ./Core/Startup/startup_stm32f103c8tx.o
                0x08001bb0                RTC_Alarm_IRQHandler
                0x08001bb0                EXTI2_IRQHandler
                0x08001bb0                TIM1_CC_IRQHandler
                0x08001bb0                PVD_IRQHandler
                0x08001bb0                EXTI3_IRQHandler
                0x08001bb0                EXTI0_IRQHandler
                0x08001bb0                I2C2_EV_IRQHandler
                0x08001bb0                ADC1_2_IRQHandler
                0x08001bb0                SPI1_IRQHandler
                0x08001bb0                TAMPER_IRQHandler
                0x08001bb0                DMA1_Channel4_IRQHandler
                0x08001bb0                USART3_IRQHandler
                0x08001bb0                RTC_IRQHandler
                0x08001bb0                DMA1_Channel7_IRQHandler
                0x08001bb0                CAN1_RX1_IRQHandler
                0x08001bb0                TIM4_IRQHandler
                0x08001bb0                I2C1_EV_IRQHandler
                0x08001bb0                DMA1_Channel6_IRQHandler
                0x08001bb0                TIM3_IRQHandler
                0x08001bb0                RCC_IRQHandler
                0x08001bb0                TIM1_TRG_COM_IRQHandler
                0x08001bb0                DMA1_Channel1_IRQHandler
                0x08001bb0                Default_Handler
                0x08001bb0                EXTI15_10_IRQHandler
                0x08001bb0                EXTI9_5_IRQHandler
                0x08001bb0                SPI2_IRQHandler
                0x08001bb0                DMA1_Channel5_IRQHandler
                0x08001bb0                EXTI4_IRQHandler
                0x08001bb0                USB_LP_CAN1_RX0_IRQHandler
                0x08001bb0                USB_HP_CAN1_TX_IRQHandler
                0x08001bb0                DMA1_Channel3_IRQHandler
                0x08001bb0                TIM1_UP_IRQHandler
                0x08001bb0                WWDG_IRQHandler
                0x08001bb0                TIM2_IRQHandler
                0x08001bb0                TIM1_BRK_IRQHandler
                0x08001bb0                EXTI1_IRQHandler
                0x08001bb0                USART2_IRQHandler
                0x08001bb0                I2C2_ER_IRQHandler
                0x08001bb0                DMA1_Channel2_IRQHandler
                0x08001bb0                CAN1_SCE_IRQHandler
                0x08001bb0                FLASH_IRQHandler
                0x08001bb0                USART1_IRQHandler
                0x08001bb0                I2C1_ER_IRQHandler
                0x08001bb0                USBWakeUp_IRQHandler
 *fill*         0x08001bb2        0x2 
 .text.LL_GPIO_Init
                0x08001bb4      0x124 ./Drivers/STM32F1xx_HAL_Driver/Src/stm32f1xx_ll_gpio.o
                0x08001bb4                LL_GPIO_Init
 .text.LL_SPI_Init
                0x08001cd8       0x60 ./Drivers/STM32F1xx_HAL_Driver/Src/stm32f1xx_ll_spi.o
                0x08001cd8                LL_SPI_Init
 .text.LL_TIM_Init
                0x08001d38       0x6c ./Drivers/STM32F1xx_HAL_Driver/Src/stm32f1xx_ll_tim.o
                0x08001d38                LL_TIM_Init
 .text.LL_TIM_OC_Init
                0x08001da4      0x1a4 ./Drivers/STM32F1xx_HAL_Driver/Src/stm32f1xx_ll_tim.o
                0x08001da4                LL_TIM_OC_Init
 .text.LL_TIM_BDTR_Init
                0x08001f48       0x40 ./Drivers/STM32F1xx_HAL_Driver/Src/stm32f1xx_ll_tim.o
                0x08001f48                LL_TIM_BDTR_Init
 .text.LL_Init1msTick
                0x08001f88       0x24 ./Drivers/STM32F1xx_HAL_Driver/Src/stm32f1xx_ll_utils.o
                0x08001f88                LL_Init1msTick
 .text.LL_mDelay
                0x08001fac       0x28 ./Drivers/STM32F1xx_HAL_Driver/Src/stm32f1xx_ll_utils.o
                0x08001fac                LL_mDelay
 .text.LL_SetSystemCoreClock
                0x08001fd4        0xc ./Drivers/STM32F1xx_HAL_Driver/Src/stm32f1xx_ll_utils.o
                0x08001fd4                LL_SetSystemCoreClock
 .text.ST7735_WriteSPI
                0x08001fe0       0x2c ./ll_Lib/src/st7735s_ll.o
 .text.ST7735_SetAddrWindow
                0x0800200c       0xe4 ./ll_Lib/src/st7735s_ll.o
                0x0800200c                ST7735_SetAddrWindow
 .text.ST7735_SetRotation
                0x080020f0       0x9c ./ll_Lib/src/st7735s_ll.o
                0x080020f0                ST7735_SetRotation
 .text.ST7735_FillScreen
                0x0800218c       0x9c ./ll_Lib/src/st7735s_ll.o
                0x0800218c                ST7735_FillScreen
 .text.ST7735_Init
                0x08002228      0x470 ./ll_Lib/src/st7735s_ll.o
                0x08002228                ST7735_Init
 .text.ST7735_DrawLine
                0x08002698      0x100 ./ll_Lib/src/st7735s_ll.o
                0x08002698                ST7735_DrawLine
 .text.ST7735_FillRect
                0x08002798       0xe4 ./ll_Lib/src/st7735s_ll.o
                0x08002798                ST7735_FillRect
 .text.ST7735_DrawBitmapMonoTransparent
                0x0800287c       0xe4 ./ll_Lib/src/st7735s_ll.o
                0x0800287c                ST7735_DrawBitmapMonoTransparent
 .text.DrawChar_GFX
                0x08002960      0x138 ./ll_Lib/src/st7735s_ll.o
                0x08002960                DrawChar_GFX
 .text.DrawString_GFX
                0x08002a98       0x58 ./ll_Lib/src/st7735s_ll.o
                0x08002a98                DrawString_GFX
 .text.memset   0x08002af0       0x10 C:/ST/STM32CubeIDE_1.19.0/STM32CubeIDE/plugins/com.st.stm32cube.ide.mcu.externaltools.gnu-tools-for-stm32.13.3.rel1.win32_1.0.0.202411081344/tools/bin/../lib/gcc/arm-none-eabi/13.3.1/../../../../arm-none-eabi/lib/thumb/v7-m/nofp\libc_nano.a(libc_a-memset.o)
                0x08002af0                memset
 .text.stpcpy   0x08002b00       0x12 C:/ST/STM32CubeIDE_1.19.0/STM32CubeIDE/plugins/com.st.stm32cube.ide.mcu.externaltools.gnu-tools-for-stm32.13.3.rel1.win32_1.0.0.202411081344/tools/bin/../lib/gcc/arm-none-eabi/13.3.1/../../../../arm-none-eabi/lib/thumb/v7-m/nofp\libc_nano.a(libc_a-stpcpy.o)
                0x08002b00                stpcpy
 *fill*         0x08002b12        0x2 
 .text.__libc_init_array
                0x08002b14       0x48 C:/ST/STM32CubeIDE_1.19.0/STM32CubeIDE/plugins/com.st.stm32cube.ide.mcu.externaltools.gnu-tools-for-stm32.13.3.rel1.win32_1.0.0.202411081344/tools/bin/../lib/gcc/arm-none-eabi/13.3.1/../../../../arm-none-eabi/lib/thumb/v7-m/nofp\libc_nano.a(libc_a-init.o)
                0x08002b14                __libc_init_array
 *(.glue_7)
 .glue_7        0x08002b5c        0x0 linker stubs
 *(.glue_7t)
 .glue_7t       0x08002b5c        0x0 linker stubs
 *(.eh_frame)
 .eh_frame      0x08002b5c        0x0 C:/ST/STM32CubeIDE_1.19.0/STM32CubeIDE/plugins/com.st.stm32cube.ide.mcu.externaltools.gnu-tools-for-stm32.13.3.rel1.win32_1.0.0.202411081344/tools/bin/../lib/gcc/arm-none-eabi/13.3.1/thumb/v7-m/nofp/crtbegin.o
 *(.init)
 .init          0x08002b5c        0x4 C:/ST/STM32CubeIDE_1.19.0/STM32CubeIDE/plugins/com.st.stm32cube.ide.mcu.externaltools.gnu-tools-for-stm32.13.3.rel1.win32_1.0.0.202411081344/tools/bin/../lib/gcc/arm-none-eabi/13.3.1/thumb/v7-m/nofp/crti.o
                0x08002b5c                _init
 .init          0x08002b60        0x8 C:/ST/STM32CubeIDE_1.19.0/STM32CubeIDE/plugins/com.st.stm32cube.ide.mcu.externaltools.gnu-tools-for-stm32.13.3.rel1.win32_1.0.0.202411081344/tools/bin/../lib/gcc/arm-none-eabi/13.3.1/thumb/v7-m/nofp/crtn.o
 *(.fini)
 .fini          0x08002b68        0x4 C:/ST/STM32CubeIDE_1.19.0/STM32CubeIDE/plugins/com.st.stm32cube.ide.mcu.externaltools.gnu-tools-for-stm32.13.3.rel1.win32_1.0.0.202411081344/tools/bin/../lib/gcc/arm-none-eabi/13.3.1/thumb/v7-m/nofp/crti.o
                0x08002b68                _fini
 .fini          0x08002b6c        0x8 C:/ST/STM32CubeIDE_1.19.0/STM32CubeIDE/plugins/com.st.stm32cube.ide.mcu.externaltools.gnu-tools-for-stm32.13.3.rel1.win32_1.0.0.202411081344/tools/bin/../lib/gcc/arm-none-eabi/13.3.1/thumb/v7-m/nofp/crtn.o
                0x08002b74                        . = ALIGN (0x4)
                0x08002b74                        _etext = .

.vfp11_veneer   0x08002b74        0x0
 .vfp11_veneer  0x08002b74        0x0 linker stubs

.v4_bx          0x08002b74        0x0
 .v4_bx         0x08002b74        0x0 linker stubs

.iplt           0x08002b74        0x0
 .iplt          0x08002b74        0x0 C:/ST/STM32CubeIDE_1.19.0/STM32CubeIDE/plugins/com.st.stm32cube.ide.mcu.externaltools.gnu-tools-for-stm32.13.3.rel1.win32_1.0.0.202411081344/tools/bin/../lib/gcc/arm-none-eabi/13.3.1/thumb/v7-m/nofp/crtbegin.o

.rodata         0x08002b74     0x12c8
                0x08002b74                        . = ALIGN (0x4)
 *(.rodata)
 *(.rodata*)
 .rodata.itoa.str1.4
                0x08002b74       0x3c ./Core/Src/main.o
                                 0x11 (size before relaxing)
 .rodata.draw_duty.str1.4
                0x08002bb0        0x3 ./Core/Src/main.o
 .rodata.format_frequency.str1.4
                0x08002bb0       0x14 ./Core/Src/main.o
 .rodata.FreeSans8pt7b
                0x08002bb0        0xc ./Core/Src/main.o
                0x08002bb0                FreeSans8pt7b
 .rodata.FreeSans8pt7bGlyphs
                0x08002bbc      0x2f8 ./Core/Src/main.o
                0x08002bbc                FreeSans8pt7bGlyphs
 .rodata.FreeSans8pt7bBitmaps
                0x08002eb4      0x349 ./Core/Src/main.o
                0x08002eb4                FreeSans8pt7bBitmaps
 *fill*         0x080031fd        0x3 
 .rodata.stairman1
                0x08003200        0xc ./Stairman/stairman1.o
                0x08003200                stairman1
 .rodata.image_data_stairman1
                0x0800320c       0x60 ./Stairman/stairman1.o
 .rodata.stairman10
                0x0800326c        0xc ./Stairman/stairman10.o
                0x0800326c                stairman10
 .rodata.image_data_stairman10
                0x08003278       0x60 ./Stairman/stairman10.o
 .rodata.stairman11
                0x080032d8        0xc ./Stairman/stairman11.o
                0x080032d8                stairman11
 .rodata.image_data_stairman11
                0x080032e4       0x60 ./Stairman/stairman11.o
 .rodata.stairman12
                0x08003344        0xc ./Stairman/stairman12.o
                0x08003344                stairman12
 .rodata.image_data_stairman12
                0x08003350       0x60 ./Stairman/stairman12.o
 .rodata.stairman13
                0x080033b0        0xc ./Stairman/stairman13.o
                0x080033b0                stairman13
 .rodata.image_data_stairman13
                0x080033bc       0x60 ./Stairman/stairman13.o
 .rodata.stairman14
                0x0800341c        0xc ./Stairman/stairman14.o
                0x0800341c                stairman14
 .rodata.image_data_stairman14
                0x08003428       0x60 ./Stairman/stairman14.o
 .rodata.stairman15
                0x08003488        0xc ./Stairman/stairman15.o
                0x08003488                stairman15
 .rodata.image_data_stairman15
                0x08003494       0x60 ./Stairman/stairman15.o
 .rodata.stairman16
                0x080034f4        0xc ./Stairman/stairman16.o
                0x080034f4                stairman16
 .rodata.image_data_stairman16
                0x08003500       0x60 ./Stairman/stairman16.o
 .rodata.stairman17
                0x08003560        0xc ./Stairman/stairman17.o
                0x08003560                stairman17
 .rodata.image_data_stairman17
                0x0800356c       0x60 ./Stairman/stairman17.o
 .rodata.stairman18
                0x080035cc        0xc ./Stairman/stairman18.o
                0x080035cc                stairman18
 .rodata.image_data_stairman18
                0x080035d8       0x60 ./Stairman/stairman18.o
 .rodata.stairman19
                0x08003638        0xc ./Stairman/stairman19.o
                0x08003638                stairman19
 .rodata.image_data_stairman19
                0x08003644       0x60 ./Stairman/stairman19.o
 .rodata.stairman2
                0x080036a4        0xc ./Stairman/stairman2.o
                0x080036a4                stairman2
 .rodata.image_data_stairman2
                0x080036b0       0x60 ./Stairman/stairman2.o
 .rodata.stairman20
                0x08003710        0xc ./Stairman/stairman20.o
                0x08003710                stairman20
 .rodata.image_data_stairman20
                0x0800371c       0x60 ./Stairman/stairman20.o
 .rodata.stairman21
                0x0800377c        0xc ./Stairman/stairman21.o
                0x0800377c                stairman21
 .rodata.image_data_stairman21
                0x08003788       0x60 ./Stairman/stairman21.o
 .rodata.stairman22
                0x080037e8        0xc ./Stairman/stairman22.o
                0x080037e8                stairman22
 .rodata.image_data_stairman22
                0x080037f4       0x60 ./Stairman/stairman22.o
 .rodata.stairman23
                0x08003854        0xc ./Stairman/stairman23.o
                0x08003854                stairman23
 .rodata.image_data_stairman23
                0x08003860       0x60 ./Stairman/stairman23.o
 .rodata.stairman24
                0x080038c0        0xc ./Stairman/stairman24.o
                0x080038c0                stairman24
 .rodata.image_data_stairman24
                0x080038cc       0x60 ./Stairman/stairman24.o
 .rodata.stairman25
                0x0800392c        0xc ./Stairman/stairman25.o
                0x0800392c                stairman25
 .rodata.image_data_stairman25
                0x08003938       0x60 ./Stairman/stairman25.o
 .rodata.stairman26
                0x08003998        0xc ./Stairman/stairman26.o
                0x08003998                stairman26
 .rodata.image_data_stairman26
                0x080039a4       0x60 ./Stairman/stairman26.o
 .rodata.stairman27
                0x08003a04        0xc ./Stairman/stairman27.o
                0x08003a04                stairman27
 .rodata.image_data_stairman27
                0x08003a10       0x60 ./Stairman/stairman27.o
 .rodata.stairman28
                0x08003a70        0xc ./Stairman/stairman28.o
                0x08003a70                stairman28
 .rodata.image_data_stairman28
                0x08003a7c       0x60 ./Stairman/stairman28.o
 .rodata.stairman3
                0x08003adc        0xc ./Stairman/stairman3.o
                0x08003adc                stairman3
 .rodata.image_data_stairman3
                0x08003ae8       0x60 ./Stairman/stairman3.o
 .rodata.stairman4
                0x08003b48        0xc ./Stairman/stairman4.o
                0x08003b48                stairman4
 .rodata.image_data_stairman4
                0x08003b54       0x60 ./Stairman/stairman4.o
 .rodata.stairman5
                0x08003bb4        0xc ./Stairman/stairman5.o
                0x08003bb4                stairman5
 .rodata.image_data_stairman5
                0x08003bc0       0x60 ./Stairman/stairman5.o
 .rodata.stairman6
                0x08003c20        0xc ./Stairman/stairman6.o
                0x08003c20                stairman6
 .rodata.image_data_stairman6
                0x08003c2c       0x60 ./Stairman/stairman6.o
 .rodata.stairman7
                0x08003c8c        0xc ./Stairman/stairman7.o
                0x08003c8c                stairman7
 .rodata.image_data_stairman7
                0x08003c98       0x60 ./Stairman/stairman7.o
 .rodata.stairman8
                0x08003cf8        0xc ./Stairman/stairman8.o
                0x08003cf8                stairman8
 .rodata.image_data_stairman8
                0x08003d04       0x60 ./Stairman/stairman8.o
 .rodata.stairman9
                0x08003d64        0xc ./Stairman/stairman9.o
                0x08003d64                stairman9
 .rodata.image_data_stairman9
                0x08003d70       0x60 ./Stairman/stairman9.o
 .rodata.stairmanfront
                0x08003dd0        0xc ./Stairman/stairmanfront.o
                0x08003dd0                stairmanfront
 .rodata.image_data_stairmanfront
                0x08003ddc       0x60 ./Stairman/stairmanfront.o
 .rodata.ST7735_Init.str1.4
                0x08003e3c       0x10 ./ll_Lib/src/st7735s_ll.o
                0x08003e4c                        . = ALIGN (0x4)

.ARM.extab      0x08003e3c        0x0
                0x08003e3c                        . = ALIGN (0x4)
 *(.ARM.extab* .gnu.linkonce.armextab.*)
                0x08003e3c                        . = ALIGN (0x4)

.ARM            0x08003e3c        0x8
                0x08003e3c                        . = ALIGN (0x4)
                0x08003e3c                        __exidx_start = .
 *(.ARM.exidx*)
 .ARM.exidx     0x08003e3c        0x8 C:/ST/STM32CubeIDE_1.19.0/STM32CubeIDE/plugins/com.st.stm32cube.ide.mcu.externaltools.gnu-tools-for-stm32.13.3.rel1.win32_1.0.0.202411081344/tools/bin/../lib/gcc/arm-none-eabi/13.3.1/../../../../arm-none-eabi/lib/thumb/v7-m/nofp\libc_nano.a(libc_a-strlen.o)
                0x08003e44                        __exidx_end = .
                0x08003e44                        . = ALIGN (0x4)

.preinit_array  0x08003e44        0x0
                0x08003e44                        . = ALIGN (0x4)
                0x08003e44                        PROVIDE (__preinit_array_start = .)
 *(.preinit_array*)
                0x08003e44                        PROVIDE (__preinit_array_end = .)
                0x08003e44                        . = ALIGN (0x4)

.init_array     0x08003e44        0x4
                0x08003e44                        . = ALIGN (0x4)
                0x08003e44                        PROVIDE (__init_array_start = .)
 *(SORT_BY_NAME(.init_array.*))
 *(.init_array*)
 .init_array    0x08003e44        0x4 C:/ST/STM32CubeIDE_1.19.0/STM32CubeIDE/plugins/com.st.stm32cube.ide.mcu.externaltools.gnu-tools-for-stm32.13.3.rel1.win32_1.0.0.202411081344/tools/bin/../lib/gcc/arm-none-eabi/13.3.1/thumb/v7-m/nofp/crtbegin.o
                0x08003e48                        PROVIDE (__init_array_end = .)
                0x08003e48                        . = ALIGN (0x4)

.fini_array     0x08003e48        0x4
                0x08003e48                        . = ALIGN (0x4)
                [!provide]                        PROVIDE (__fini_array_start = .)
 *(SORT_BY_NAME(.fini_array.*))
 *(.fini_array*)
 .fini_array    0x08003e48        0x4 C:/ST/STM32CubeIDE_1.19.0/STM32CubeIDE/plugins/com.st.stm32cube.ide.mcu.externaltools.gnu-tools-for-stm32.13.3.rel1.win32_1.0.0.202411081344/tools/bin/../lib/gcc/arm-none-eabi/13.3.1/thumb/v7-m/nofp/crtbegin.o
                [!provide]                        PROVIDE (__fini_array_end = .)
                0x08003e4c                        . = ALIGN (0x4)
                0x08003e4c                        _sidata = LOADADDR (.data)

.rel.dyn        0x08003e4c        0x0
 .rel.iplt      0x08003e4c        0x0 C:/ST/STM32CubeIDE_1.19.0/STM32CubeIDE/plugins/com.st.stm32cube.ide.mcu.externaltools.gnu-tools-for-stm32.13.3.rel1.win32_1.0.0.202411081344/tools/bin/../lib/gcc/arm-none-eabi/13.3.1/thumb/v7-m/nofp/crtbegin.o

.data           0x20000000       0x84 load address 0x08003e4c
                0x20000000                        . = ALIGN (0x4)
                0x20000000                        _sdata = .
 *(.data)
 *(.data*)
 .data.anim_y   0x20000000        0x4 ./Core/Src/main.o
 .data.anim_x   0x20000004        0x4 ./Core/Src/main.o
 .data.SystemCoreClock
                0x20000008        0x4 ./Core/Src/system_stm32f1xx.o
                0x20000008                SystemCoreClock
 .data.StairmanFrames
                0x2000000c       0x74 ./Stairman/Stairman.o
                0x2000000c                StairmanFrames
 .data._height  0x20000080        0x1 ./ll_Lib/src/st7735s_ll.o
 .data._width   0x20000081        0x1 ./ll_Lib/src/st7735s_ll.o
 *(.RamFunc)
 *(.RamFunc*)
                0x20000084                        . = ALIGN (0x4)
 *fill*         0x20000082        0x2 
                0x20000084                        _edata = .

.igot.plt       0x20000084        0x0 load address 0x08003ed0
 .igot.plt      0x20000084        0x0 C:/ST/STM32CubeIDE_1.19.0/STM32CubeIDE/plugins/com.st.stm32cube.ide.mcu.externaltools.gnu-tools-for-stm32.13.3.rel1.win32_1.0.0.202411081344/tools/bin/../lib/gcc/arm-none-eabi/13.3.1/thumb/v7-m/nofp/crtbegin.o
                0x20000084                        . = ALIGN (0x4)

.bss            0x20000088       0x4c load address 0x08003ed0
                0x20000088                        _sbss = .
                0x20000088                        __bss_start__ = _sbss
 *(.bss)
 .bss           0x20000088       0x1c C:/ST/STM32CubeIDE_1.19.0/STM32CubeIDE/plugins/com.st.stm32cube.ide.mcu.externaltools.gnu-tools-for-stm32.13.3.rel1.win32_1.0.0.202411081344/tools/bin/../lib/gcc/arm-none-eabi/13.3.1/thumb/v7-m/nofp/crtbegin.o
 *(.bss*)
 .bss.IC2       0x200000a4        0x4 ./CaptureLib/fpCounter/src/fpCounter.o
 .bss.IC1       0x200000a8        0x4 ./CaptureLib/fpCounter/src/fpCounter.o
 .bss.last.0    0x200000ac        0x4 ./Core/Src/main.o
 .bss.anim_pause
                0x200000b0        0x4 ./Core/Src/main.o
 .bss.frame_pause
                0x200000b4        0x1 ./Core/Src/main.o
 .bss.frame_action
                0x200000b5        0x1 ./Core/Src/main.o
 .bss.frame_done
                0x200000b6        0x1 ./Core/Src/main.o
 .bss.frame     0x200000b7        0x1 ./Core/Src/main.o
 .bss.duty      0x200000b8        0x4 ./Core/Src/main.o
                0x200000b8                duty
 .bss.frequency
                0x200000bc        0x4 ./Core/Src/main.o
                0x200000bc                frequency
 .bss.period    0x200000c0        0x8 ./Core/Src/main.o
                0x200000c0                period
 .bss.last_anim_ms
                0x200000c8        0x4 ./Core/Src/main.o
 .bss.measure_timer
                0x200000cc        0x4 ./Core/Src/main.o
                0x200000cc                measure_timer
 .bss.msTick    0x200000d0        0x4 ./Core/Src/main.o
                0x200000d0                msTick
 *(COMMON)
                0x200000d4                        . = ALIGN (0x4)
                0x200000d4                        _ebss = .
                0x200000d4                        __bss_end__ = _ebss

._user_heap_stack
                0x200000d4      0x604 load address 0x08003ed0
                0x200000d8                        . = ALIGN (0x8)
 *fill*         0x200000d4        0x4 
                [!provide]                        PROVIDE (end = .)
                0x200000d8                        PROVIDE (_end = .)
                0x200002d8                        . = (. + _Min_Heap_Size)
 *fill*         0x200000d8      0x200 
                0x200006d8                        . = (. + _Min_Stack_Size)
 *fill*         0x200002d8      0x400 
                0x200006d8                        . = ALIGN (0x8)

/DISCARD/
 libc.a(*)
 libm.a(*)
 libgcc.a(*)

.ARM.attributes
                0x00000000       0x29
 *(.ARM.attributes)
 .ARM.attributes
                0x00000000       0x1d C:/ST/STM32CubeIDE_1.19.0/STM32CubeIDE/plugins/com.st.stm32cube.ide.mcu.externaltools.gnu-tools-for-stm32.13.3.rel1.win32_1.0.0.202411081344/tools/bin/../lib/gcc/arm-none-eabi/13.3.1/thumb/v7-m/nofp/crti.o
 .ARM.attributes
                0x0000001d       0x2d C:/ST/STM32CubeIDE_1.19.0/STM32CubeIDE/plugins/com.st.stm32cube.ide.mcu.externaltools.gnu-tools-for-stm32.13.3.rel1.win32_1.0.0.202411081344/tools/bin/../lib/gcc/arm-none-eabi/13.3.1/thumb/v7-m/nofp/crtbegin.o
 .ARM.attributes
                0x0000004a       0x2d ./CaptureLib/fpCounter/src/fpCounter.o
 .ARM.attributes
                0x00000077       0x2d ./Core/Src/delay.o
 .ARM.attributes
                0x000000a4       0x2d ./Core/Src/main.o
 .ARM.attributes
                0x000000d1       0x2d ./Core/Src/stm32f1xx_it.o
 .ARM.attributes
                0x000000fe       0x2d ./Core/Src/system_stm32f1xx.o
 .ARM.attributes
                0x0000012b       0x21 ./Core/Startup/startup_stm32f103c8tx.o
 .ARM.attributes
                0x0000014c       0x2d ./Drivers/STM32F1xx_HAL_Driver/Src/stm32f1xx_ll_gpio.o
 .ARM.attributes
                0x00000179       0x2d ./Drivers/STM32F1xx_HAL_Driver/Src/stm32f1xx_ll_spi.o
 .ARM.attributes
                0x000001a6       0x2d ./Drivers/STM32F1xx_HAL_Driver/Src/stm32f1xx_ll_tim.o
 .ARM.attributes
                0x000001d3       0x2d ./Drivers/STM32F1xx_HAL_Driver/Src/stm32f1xx_ll_utils.o
 .ARM.attributes
                0x00000200       0x2d ./Stairman/Stairman.o
 .ARM.attributes
                0x0000022d       0x2d ./Stairman/stairman1.o
 .ARM.attributes
                0x0000025a       0x2d ./Stairman/stairman10.o
 .ARM.attributes
                0x00000287       0x2d ./Stairman/stairman11.o
 .ARM.attributes
                0x000002b4       0x2d ./Stairman/stairman12.o
 .ARM.attributes
                0x000002e1       0x2d ./Stairman/stairman13.o
 .ARM.attributes
                0x0000030e       0x2d ./Stairman/stairman14.o
 .ARM.attributes
                0x0000033b       0x2d ./Stairman/stairman15.o
 .ARM.attributes
                0x00000368       0x2d ./Stairman/stairman16.o
 .ARM.attributes
                0x00000395       0x2d ./Stairman/stairman17.o
 .ARM.attributes
                0x000003c2       0x2d ./Stairman/stairman18.o
 .ARM.attributes
                0x000003ef       0x2d ./Stairman/stairman19.o
 .ARM.attributes
                0x0000041c       0x2d ./Stairman/stairman2.o
 .ARM.attributes
                0x00000449       0x2d ./Stairman/stairman20.o
 .ARM.attributes
                0x00000476       0x2d ./Stairman/stairman21.o
 .ARM.attributes
                0x000004a3       0x2d ./Stairman/stairman22.o
 .ARM.attributes
                0x000004d0       0x2d ./Stairman/stairman23.o
 .ARM.attributes
                0x000004fd       0x2d ./Stairman/stairman24.o
 .ARM.attributes
                0x0000052a       0x2d ./Stairman/stairman25.o
 .ARM.attributes
                0x00000557       0x2d ./Stairman/stairman26.o
 .ARM.attributes
                0x00000584       0x2d ./Stairman/stairman27.o
 .ARM.attributes
                0x000005b1       0x2d ./Stairman/stairman28.o
 .ARM.attributes
                0x000005de       0x2d ./Stairman/stairman3.o
 .ARM.attributes
                0x0000060b       0x2d ./Stairman/stairman4.o
 .ARM.attributes
                0x00000638       0x2d ./Stairman/stairman5.o
 .ARM.attributes
                0x00000665       0x2d ./Stairman/stairman6.o
 .ARM.attributes
                0x00000692       0x2d ./Stairman/stairman7.o
 .ARM.attributes
                0x000006bf       0x2d ./Stairman/stairman8.o
 .ARM.attributes
                0x000006ec       0x2d ./Stairman/stairman9.o
 .ARM.attributes
                0x00000719       0x2d ./Stairman/stairmanfront.o
 .ARM.attributes
                0x00000746       0x2d ./ll_Lib/src/st7735s_ll.o
 .ARM.attributes
                0x00000773       0x2d C:/ST/STM32CubeIDE_1.19.0/STM32CubeIDE/plugins/com.st.stm32cube.ide.mcu.externaltools.gnu-tools-for-stm32.13.3.rel1.win32_1.0.0.202411081344/tools/bin/../lib/gcc/arm-none-eabi/13.3.1/../../../../arm-none-eabi/lib/thumb/v7-m/nofp\libc_nano.a(libc_a-memset.o)
 .ARM.attributes
                0x000007a0       0x2d C:/ST/STM32CubeIDE_1.19.0/STM32CubeIDE/plugins/com.st.stm32cube.ide.mcu.externaltools.gnu-tools-for-stm32.13.3.rel1.win32_1.0.0.202411081344/tools/bin/../lib/gcc/arm-none-eabi/13.3.1/../../../../arm-none-eabi/lib/thumb/v7-m/nofp\libc_nano.a(libc_a-stpcpy.o)
 .ARM.attributes
                0x000007cd       0x2d C:/ST/STM32CubeIDE_1.19.0/STM32CubeIDE/plugins/com.st.stm32cube.ide.mcu.externaltools.gnu-tools-for-stm32.13.3.rel1.win32_1.0.0.202411081344/tools/bin/../lib/gcc/arm-none-eabi/13.3.1/../../../../arm-none-eabi/lib/thumb/v7-m/nofp\libc_nano.a(libc_a-init.o)
 .ARM.attributes
                0x000007fa       0x17 C:/ST/STM32CubeIDE_1.19.0/STM32CubeIDE/plugins/com.st.stm32cube.ide.mcu.externaltools.gnu-tools-for-stm32.13.3.rel1.win32_1.0.0.202411081344/tools/bin/../lib/gcc/arm-none-eabi/13.3.1/../../../../arm-none-eabi/lib/thumb/v7-m/nofp\libc_nano.a(libc_a-strlen.o)
 .ARM.attributes
                0x00000811       0x1d C:/ST/STM32CubeIDE_1.19.0/STM32CubeIDE/plugins/com.st.stm32cube.ide.mcu.externaltools.gnu-tools-for-stm32.13.3.rel1.win32_1.0.0.202411081344/tools/bin/../lib/gcc/arm-none-eabi/13.3.1/thumb/v7-m/nofp\libgcc.a(_arm_addsubdf3.o)
 .ARM.attributes
                0x0000082e       0x1d C:/ST/STM32CubeIDE_1.19.0/STM32CubeIDE/plugins/com.st.stm32cube.ide.mcu.externaltools.gnu-tools-for-stm32.13.3.rel1.win32_1.0.0.202411081344/tools/bin/../lib/gcc/arm-none-eabi/13.3.1/thumb/v7-m/nofp\libgcc.a(_arm_muldivdf3.o)
 .ARM.attributes
                0x0000084b       0x1d C:/ST/STM32CubeIDE_1.19.0/STM32CubeIDE/plugins/com.st.stm32cube.ide.mcu.externaltools.gnu-tools-for-stm32.13.3.rel1.win32_1.0.0.202411081344/tools/bin/../lib/gcc/arm-none-eabi/13.3.1/thumb/v7-m/nofp\libgcc.a(_arm_fixunsdfsi.o)
 .ARM.attributes
                0x00000868       0x1d C:/ST/STM32CubeIDE_1.19.0/STM32CubeIDE/plugins/com.st.stm32cube.ide.mcu.externaltools.gnu-tools-for-stm32.13.3.rel1.win32_1.0.0.202411081344/tools/bin/../lib/gcc/arm-none-eabi/13.3.1/thumb/v7-m/nofp\libgcc.a(_arm_addsubsf3.o)
 .ARM.attributes
                0x00000885       0x1d C:/ST/STM32CubeIDE_1.19.0/STM32CubeIDE/plugins/com.st.stm32cube.ide.mcu.externaltools.gnu-tools-for-stm32.13.3.rel1.win32_1.0.0.202411081344/tools/bin/../lib/gcc/arm-none-eabi/13.3.1/thumb/v7-m/nofp\libgcc.a(_arm_muldivsf3.o)
 .ARM.attributes
                0x000008a2       0x1d C:/ST/STM32CubeIDE_1.19.0/STM32CubeIDE/plugins/com.st.stm32cube.ide.mcu.externaltools.gnu-tools-for-stm32.13.3.rel1.win32_1.0.0.202411081344/tools/bin/../lib/gcc/arm-none-eabi/13.3.1/thumb/v7-m/nofp\libgcc.a(_arm_cmpsf2.o)
 .ARM.attributes
                0x000008bf       0x1d C:/ST/STM32CubeIDE_1.19.0/STM32CubeIDE/plugins/com.st.stm32cube.ide.mcu.externaltools.gnu-tools-for-stm32.13.3.rel1.win32_1.0.0.202411081344/tools/bin/../lib/gcc/arm-none-eabi/13.3.1/thumb/v7-m/nofp\libgcc.a(_arm_fixsfsi.o)
 .ARM.attributes
                0x000008dc       0x1d C:/ST/STM32CubeIDE_1.19.0/STM32CubeIDE/plugins/com.st.stm32cube.ide.mcu.externaltools.gnu-tools-for-stm32.13.3.rel1.win32_1.0.0.202411081344/tools/bin/../lib/gcc/arm-none-eabi/13.3.1/thumb/v7-m/nofp/crtn.o
OUTPUT(FrequencyCounter_Animation.elf elf32-littlearm)
LOAD linker stubs
LOAD C:/ST/STM32CubeIDE_1.19.0/STM32CubeIDE/plugins/com.st.stm32cube.ide.mcu.externaltools.gnu-tools-for-stm32.13.3.rel1.win32_1.0.0.202411081344/tools/bin/../lib/gcc/arm-none-eabi/13.3.1/../../../../arm-none-eabi/lib/thumb/v7-m/nofp\libc.a
LOAD C:/ST/STM32CubeIDE_1.19.0/STM32CubeIDE/plugins/com.st.stm32cube.ide.mcu.externaltools.gnu-tools-for-stm32.13.3.rel1.win32_1.0.0.202411081344/tools/bin/../lib/gcc/arm-none-eabi/13.3.1/../../../../arm-none-eabi/lib/thumb/v7-m/nofp\libm.a
LOAD C:/ST/STM32CubeIDE_1.19.0/STM32CubeIDE/plugins/com.st.stm32cube.ide.mcu.externaltools.gnu-tools-for-stm32.13.3.rel1.win32_1.0.0.202411081344/tools/bin/../lib/gcc/arm-none-eabi/13.3.1/thumb/v7-m/nofp\libgcc.a

.debug_info     0x00000000     0xecdd
 .debug_info    0x00000000      0x7b1 ./CaptureLib/fpCounter/src/fpCounter.o
 .debug_info    0x000007b1      0x17c ./Core/Src/delay.o
 .debug_info    0x0000092d     0x399d ./Core/Src/main.o
 .debug_info    0x000042ca      0x1c2 ./Core/Src/stm32f1xx_it.o
 .debug_info    0x0000448c      0x22a ./Core/Src/system_stm32f1xx.o
 .debug_info    0x000046b6       0x30 ./Core/Startup/startup_stm32f103c8tx.o
 .debug_info    0x000046e6      0x854 ./Drivers/STM32F1xx_HAL_Driver/Src/stm32f1xx_ll_gpio.o
 .debug_info    0x00004f3a      0x499 ./Drivers/STM32F1xx_HAL_Driver/Src/stm32f1xx_ll_spi.o
 .debug_info    0x000053d3     0x123e ./Drivers/STM32F1xx_HAL_Driver/Src/stm32f1xx_ll_tim.o
 .debug_info    0x00006611      0xb2d ./Drivers/STM32F1xx_HAL_Driver/Src/stm32f1xx_ll_utils.o
 .debug_info    0x0000713e      0x25b ./Stairman/Stairman.o
 .debug_info    0x00007399      0x130 ./Stairman/stairman1.o
 .debug_info    0x000074c9      0x130 ./Stairman/stairman10.o
 .debug_info    0x000075f9      0x130 ./Stairman/stairman11.o
 .debug_info    0x00007729      0x130 ./Stairman/stairman12.o
 .debug_info    0x00007859      0x130 ./Stairman/stairman13.o
 .debug_info    0x00007989      0x130 ./Stairman/stairman14.o
 .debug_info    0x00007ab9      0x130 ./Stairman/stairman15.o
 .debug_info    0x00007be9      0x130 ./Stairman/stairman16.o
 .debug_info    0x00007d19      0x130 ./Stairman/stairman17.o
 .debug_info    0x00007e49      0x130 ./Stairman/stairman18.o
 .debug_info    0x00007f79      0x130 ./Stairman/stairman19.o
 .debug_info    0x000080a9      0x130 ./Stairman/stairman2.o
 .debug_info    0x000081d9      0x130 ./Stairman/stairman20.o
 .debug_info    0x00008309      0x130 ./Stairman/stairman21.o
 .debug_info    0x00008439      0x130 ./Stairman/stairman22.o
 .debug_info    0x00008569      0x130 ./Stairman/stairman23.o
 .debug_info    0x00008699      0x130 ./Stairman/stairman24.o
 .debug_info    0x000087c9      0x130 ./Stairman/stairman25.o
 .debug_info    0x000088f9      0x130 ./Stairman/stairman26.o
 .debug_info    0x00008a29      0x130 ./Stairman/stairman27.o
 .debug_info    0x00008b59      0x130 ./Stairman/stairman28.o
 .debug_info    0x00008c89      0x130 ./Stairman/stairman3.o
 .debug_info    0x00008db9      0x130 ./Stairman/stairman4.o
 .debug_info    0x00008ee9      0x130 ./Stairman/stairman5.o
 .debug_info    0x00009019      0x130 ./Stairman/stairman6.o
 .debug_info    0x00009149      0x130 ./Stairman/stairman7.o
 .debug_info    0x00009279      0x130 ./Stairman/stairman8.o
 .debug_info    0x000093a9      0x130 ./Stairman/stairman9.o
 .debug_info    0x000094d9      0x130 ./Stairman/stairmanfront.o
 .debug_info    0x00009609     0x56d4 ./ll_Lib/src/st7735s_ll.o

.debug_abbrev   0x00000000     0x2d10
 .debug_abbrev  0x00000000      0x1a8 ./CaptureLib/fpCounter/src/fpCounter.o
 .debug_abbrev  0x000001a8       0xc4 ./Core/Src/delay.o
 .debug_abbrev  0x0000026c      0x503 ./Core/Src/main.o
 .debug_abbrev  0x0000076f       0xd0 ./Core/Src/stm32f1xx_it.o
 .debug_abbrev  0x0000083f      0x145 ./Core/Src/system_stm32f1xx.o
 .debug_abbrev  0x00000984       0x24 ./Core/Startup/startup_stm32f103c8tx.o
 .debug_abbrev  0x000009a8      0x24e ./Drivers/STM32F1xx_HAL_Driver/Src/stm32f1xx_ll_gpio.o
 .debug_abbrev  0x00000bf6      0x1ff ./Drivers/STM32F1xx_HAL_Driver/Src/stm32f1xx_ll_spi.o
 .debug_abbrev  0x00000df5      0x2d8 ./Drivers/STM32F1xx_HAL_Driver/Src/stm32f1xx_ll_tim.o
 .debug_abbrev  0x000010cd      0x343 ./Drivers/STM32F1xx_HAL_Driver/Src/stm32f1xx_ll_utils.o
 .debug_abbrev  0x00001410       0x9e ./Stairman/Stairman.o
 .debug_abbrev  0x000014ae       0xad ./Stairman/stairman1.o
 .debug_abbrev  0x0000155b       0xad ./Stairman/stairman10.o
 .debug_abbrev  0x00001608       0xad ./Stairman/stairman11.o
 .debug_abbrev  0x000016b5       0xad ./Stairman/stairman12.o
 .debug_abbrev  0x00001762       0xad ./Stairman/stairman13.o
 .debug_abbrev  0x0000180f       0xad ./Stairman/stairman14.o
 .debug_abbrev  0x000018bc       0xad ./Stairman/stairman15.o
 .debug_abbrev  0x00001969       0xad ./Stairman/stairman16.o
 .debug_abbrev  0x00001a16       0xad ./Stairman/stairman17.o
 .debug_abbrev  0x00001ac3       0xad ./Stairman/stairman18.o
 .debug_abbrev  0x00001b70       0xad ./Stairman/stairman19.o
 .debug_abbrev  0x00001c1d       0xad ./Stairman/stairman2.o
 .debug_abbrev  0x00001cca       0xad ./Stairman/stairman20.o
 .debug_abbrev  0x00001d77       0xad ./Stairman/stairman21.o
 .debug_abbrev  0x00001e24       0xad ./Stairman/stairman22.o
 .debug_abbrev  0x00001ed1       0xad ./Stairman/stairman23.o
 .debug_abbrev  0x00001f7e       0xad ./Stairman/stairman24.o
 .debug_abbrev  0x0000202b       0xad ./Stairman/stairman25.o
 .debug_abbrev  0x000020d8       0xad ./Stairman/stairman26.o
 .debug_abbrev  0x00002185       0xad ./Stairman/stairman27.o
 .debug_abbrev  0x00002232       0xad ./Stairman/stairman28.o
 .debug_abbrev  0x000022df       0xad ./Stairman/stairman3.o
 .debug_abbrev  0x0000238c       0xad ./Stairman/stairman4.o
 .debug_abbrev  0x00002439       0xad ./Stairman/stairman5.o
 .debug_abbrev  0x000024e6       0xad ./Stairman/stairman6.o
 .debug_abbrev  0x00002593       0xad ./Stairman/stairman7.o
 .debug_abbrev  0x00002640       0xad ./Stairman/stairman8.o
 .debug_abbrev  0x000026ed       0xad ./Stairman/stairman9.o
 .debug_abbrev  0x0000279a       0xad ./Stairman/stairmanfront.o
 .debug_abbrev  0x00002847      0x4c9 ./ll_Lib/src/st7735s_ll.o

.debug_loclists
                0x00000000     0x5f7c
 .debug_loclists
                0x00000000      0x23c ./CaptureLib/fpCounter/src/fpCounter.o
 .debug_loclists
                0x0000023c       0x29 ./Core/Src/delay.o
 .debug_loclists
                0x00000265      0xcd8 ./Core/Src/main.o
 .debug_loclists
                0x00000f3d       0x9f ./Core/Src/system_stm32f1xx.o
 .debug_loclists
                0x00000fdc      0x541 ./Drivers/STM32F1xx_HAL_Driver/Src/stm32f1xx_ll_gpio.o
 .debug_loclists
                0x0000151d      0x16d ./Drivers/STM32F1xx_HAL_Driver/Src/stm32f1xx_ll_spi.o
 .debug_loclists
                0x0000168a      0xb13 ./Drivers/STM32F1xx_HAL_Driver/Src/stm32f1xx_ll_tim.o
 .debug_loclists
                0x0000219d      0x511 ./Drivers/STM32F1xx_HAL_Driver/Src/stm32f1xx_ll_utils.o
 .debug_loclists
                0x000026ae     0x38ce ./ll_Lib/src/st7735s_ll.o

.debug_aranges  0x00000000      0x600
 .debug_aranges
                0x00000000       0x28 ./CaptureLib/fpCounter/src/fpCounter.o
 .debug_aranges
                0x00000028       0x20 ./Core/Src/delay.o
 .debug_aranges
                0x00000048       0x70 ./Core/Src/main.o
 .debug_aranges
                0x000000b8       0x60 ./Core/Src/stm32f1xx_it.o
 .debug_aranges
                0x00000118       0x28 ./Core/Src/system_stm32f1xx.o
 .debug_aranges
                0x00000140       0x28 ./Core/Startup/startup_stm32f103c8tx.o
 .debug_aranges
                0x00000168       0x30 ./Drivers/STM32F1xx_HAL_Driver/Src/stm32f1xx_ll_gpio.o
 .debug_aranges
                0x00000198       0x30 ./Drivers/STM32F1xx_HAL_Driver/Src/stm32f1xx_ll_spi.o
 .debug_aranges
                0x000001c8       0x80 ./Drivers/STM32F1xx_HAL_Driver/Src/stm32f1xx_ll_tim.o
 .debug_aranges
                0x00000248       0x50 ./Drivers/STM32F1xx_HAL_Driver/Src/stm32f1xx_ll_utils.o
 .debug_aranges
                0x00000298       0x18 ./Stairman/Stairman.o
 .debug_aranges
                0x000002b0       0x18 ./Stairman/stairman1.o
 .debug_aranges
                0x000002c8       0x18 ./Stairman/stairman10.o
 .debug_aranges
                0x000002e0       0x18 ./Stairman/stairman11.o
 .debug_aranges
                0x000002f8       0x18 ./Stairman/stairman12.o
 .debug_aranges
                0x00000310       0x18 ./Stairman/stairman13.o
 .debug_aranges
                0x00000328       0x18 ./Stairman/stairman14.o
 .debug_aranges
                0x00000340       0x18 ./Stairman/stairman15.o
 .debug_aranges
                0x00000358       0x18 ./Stairman/stairman16.o
 .debug_aranges
                0x00000370       0x18 ./Stairman/stairman17.o
 .debug_aranges
                0x00000388       0x18 ./Stairman/stairman18.o
 .debug_aranges
                0x000003a0       0x18 ./Stairman/stairman19.o
 .debug_aranges
                0x000003b8       0x18 ./Stairman/stairman2.o
 .debug_aranges
                0x000003d0       0x18 ./Stairman/stairman20.o
 .debug_aranges
                0x000003e8       0x18 ./Stairman/stairman21.o
 .debug_aranges
                0x00000400       0x18 ./Stairman/stairman22.o
 .debug_aranges
                0x00000418       0x18 ./Stairman/stairman23.o
 .debug_aranges
                0x00000430       0x18 ./Stairman/stairman24.o
 .debug_aranges
                0x00000448       0x18 ./Stairman/stairman25.o
 .debug_aranges
                0x00000460       0x18 ./Stairman/stairman26.o
 .debug_aranges
                0x00000478       0x18 ./Stairman/stairman27.o
 .debug_aranges
                0x00000490       0x18 ./Stairman/stairman28.o
 .debug_aranges
                0x000004a8       0x18 ./Stairman/stairman3.o
 .debug_aranges
                0x000004c0       0x18 ./Stairman/stairman4.o
 .debug_aranges
                0x000004d8       0x18 ./Stairman/stairman5.o
 .debug_aranges
                0x000004f0       0x18 ./Stairman/stairman6.o
 .debug_aranges
                0x00000508       0x18 ./Stairman/stairman7.o
 .debug_aranges
                0x00000520       0x18 ./Stairman/stairman8.o
 .debug_aranges
                0x00000538       0x18 ./Stairman/stairman9.o
 .debug_aranges
                0x00000550       0x18 ./Stairman/stairmanfront.o
 .debug_aranges
                0x00000568       0x98 ./ll_Lib/src/st7735s_ll.o

.debug_rnglists
                0x00000000     0x165e
 .debug_rnglists
                0x00000000       0x7d ./CaptureLib/fpCounter/src/fpCounter.o
 .debug_rnglists
                0x0000007d       0x13 ./Core/Src/delay.o
 .debug_rnglists
                0x00000090      0x36a ./Core/Src/main.o
 .debug_rnglists
                0x000003fa       0x43 ./Core/Src/stm32f1xx_it.o
 .debug_rnglists
                0x0000043d       0x19 ./Core/Src/system_stm32f1xx.o
 .debug_rnglists
                0x00000456       0x19 ./Core/Startup/startup_stm32f103c8tx.o
 .debug_rnglists
                0x0000046f       0x3a ./Drivers/STM32F1xx_HAL_Driver/Src/stm32f1xx_ll_gpio.o
 .debug_rnglists
                0x000004a9       0x43 ./Drivers/STM32F1xx_HAL_Driver/Src/stm32f1xx_ll_spi.o
 .debug_rnglists
                0x000004ec       0xd3 ./Drivers/STM32F1xx_HAL_Driver/Src/stm32f1xx_ll_tim.o
 .debug_rnglists
                0x000005bf      0x110 ./Drivers/STM32F1xx_HAL_Driver/Src/stm32f1xx_ll_utils.o
 .debug_rnglists
                0x000006cf      0xf8f ./ll_Lib/src/st7735s_ll.o

.debug_macro    0x00000000    0x142cc
 .debug_macro   0x00000000      0x165 ./CaptureLib/fpCounter/src/fpCounter.o
 .debug_macro   0x00000165      0xafc ./CaptureLib/fpCounter/src/fpCounter.o
 .debug_macro   0x00000c61       0x2e ./CaptureLib/fpCounter/src/fpCounter.o
 .debug_macro   0x00000c8f       0x22 ./CaptureLib/fpCounter/src/fpCounter.o
 .debug_macro   0x00000cb1       0x22 ./CaptureLib/fpCounter/src/fpCounter.o
 .debug_macro   0x00000cd3       0x8e ./CaptureLib/fpCounter/src/fpCounter.o
 .debug_macro   0x00000d61       0x51 ./CaptureLib/fpCounter/src/fpCounter.o
 .debug_macro   0x00000db2      0x103 ./CaptureLib/fpCounter/src/fpCounter.o
 .debug_macro   0x00000eb5       0x6a ./CaptureLib/fpCounter/src/fpCounter.o
 .debug_macro   0x00000f1f      0x1df ./CaptureLib/fpCounter/src/fpCounter.o
 .debug_macro   0x000010fe       0x1c ./CaptureLib/fpCounter/src/fpCounter.o
 .debug_macro   0x0000111a       0x22 ./CaptureLib/fpCounter/src/fpCounter.o
 .debug_macro   0x0000113c       0xbd ./CaptureLib/fpCounter/src/fpCounter.o
 .debug_macro   0x000011f9      0xd23 ./CaptureLib/fpCounter/src/fpCounter.o
 .debug_macro   0x00001f1c     0xe09e ./CaptureLib/fpCounter/src/fpCounter.o
 .debug_macro   0x0000ffba       0x6d ./CaptureLib/fpCounter/src/fpCounter.o
 .debug_macro   0x00010027      0x281 ./CaptureLib/fpCounter/src/fpCounter.o
 .debug_macro   0x000102a8      0x2be ./CaptureLib/fpCounter/src/fpCounter.o
 .debug_macro   0x00010566       0xd7 ./CaptureLib/fpCounter/src/fpCounter.o
 .debug_macro   0x0001063d       0x74 ./CaptureLib/fpCounter/src/fpCounter.o
 .debug_macro   0x000106b1       0xd0 ./CaptureLib/fpCounter/src/fpCounter.o
 .debug_macro   0x00010781       0x28 ./CaptureLib/fpCounter/src/fpCounter.o
 .debug_macro   0x000107a9       0x2a ./CaptureLib/fpCounter/src/fpCounter.o
 .debug_macro   0x000107d3       0x90 ./CaptureLib/fpCounter/src/fpCounter.o
 .debug_macro   0x00010863      0x11b ./CaptureLib/fpCounter/src/fpCounter.o
 .debug_macro   0x0001097e      0x57a ./CaptureLib/fpCounter/src/fpCounter.o
 .debug_macro   0x00010ef8      0x229 ./CaptureLib/fpCounter/src/fpCounter.o
 .debug_macro   0x00011121       0x9a ./CaptureLib/fpCounter/src/fpCounter.o
 .debug_macro   0x000111bb       0x22 ./CaptureLib/fpCounter/src/fpCounter.o
 .debug_macro   0x000111dd      0x13e ./Core/Src/delay.o
 .debug_macro   0x0001131b      0x2d3 ./Core/Src/main.o
 .debug_macro   0x000115ee       0x61 ./Core/Src/main.o
 .debug_macro   0x0001164f       0x24 ./Core/Src/main.o
 .debug_macro   0x00011673       0x43 ./Core/Src/main.o
 .debug_macro   0x000116b6       0x34 ./Core/Src/main.o
 .debug_macro   0x000116ea       0x16 ./Core/Src/main.o
 .debug_macro   0x00011700       0x9e ./Core/Src/main.o
 .debug_macro   0x0001179e      0x370 ./Core/Src/main.o
 .debug_macro   0x00011b0e      0x112 ./Core/Src/main.o
 .debug_macro   0x00011c20       0x10 ./Core/Src/main.o
 .debug_macro   0x00011c30       0x16 ./Core/Src/main.o
 .debug_macro   0x00011c46       0x4a ./Core/Src/main.o
 .debug_macro   0x00011c90       0x34 ./Core/Src/main.o
 .debug_macro   0x00011cc4       0x10 ./Core/Src/main.o
 .debug_macro   0x00011cd4       0x58 ./Core/Src/main.o
 .debug_macro   0x00011d2c       0x8e ./Core/Src/main.o
 .debug_macro   0x00011dba       0x1c ./Core/Src/main.o
 .debug_macro   0x00011dd6      0x185 ./Core/Src/main.o
 .debug_macro   0x00011f5b       0x16 ./Core/Src/main.o
 .debug_macro   0x00011f71       0x16 ./Core/Src/main.o
 .debug_macro   0x00011f87      0x146 ./Core/Src/main.o
 .debug_macro   0x000120cd      0x19b ./Core/Src/main.o
 .debug_macro   0x00012268       0x16 ./Core/Src/main.o
 .debug_macro   0x0001227e       0x3c ./Core/Src/main.o
 .debug_macro   0x000122ba       0x20 ./Core/Src/main.o
 .debug_macro   0x000122da       0x22 ./Core/Src/main.o
 .debug_macro   0x000122fc       0x4c ./Core/Src/main.o
 .debug_macro   0x00012348      0x13e ./Core/Src/stm32f1xx_it.o
 .debug_macro   0x00012486       0xbc ./Core/Src/system_stm32f1xx.o
 .debug_macro   0x00012542       0xf8 ./Drivers/STM32F1xx_HAL_Driver/Src/stm32f1xx_ll_gpio.o
 .debug_macro   0x0001263a      0x223 ./Drivers/STM32F1xx_HAL_Driver/Src/stm32f1xx_ll_gpio.o
 .debug_macro   0x0001285d      0x125 ./Drivers/STM32F1xx_HAL_Driver/Src/stm32f1xx_ll_spi.o
 .debug_macro   0x00012982      0x115 ./Drivers/STM32F1xx_HAL_Driver/Src/stm32f1xx_ll_spi.o
 .debug_macro   0x00012a97      0x147 ./Drivers/STM32F1xx_HAL_Driver/Src/stm32f1xx_ll_tim.o
 .debug_macro   0x00012bde      0x574 ./Drivers/STM32F1xx_HAL_Driver/Src/stm32f1xx_ll_tim.o
 .debug_macro   0x00013152      0x139 ./Drivers/STM32F1xx_HAL_Driver/Src/stm32f1xx_ll_utils.o
 .debug_macro   0x0001328b       0x6d ./Stairman/Stairman.o
 .debug_macro   0x000132f8       0x6d ./Stairman/stairman1.o
 .debug_macro   0x00013365       0x6d ./Stairman/stairman10.o
 .debug_macro   0x000133d2       0x6d ./Stairman/stairman11.o
 .debug_macro   0x0001343f       0x6d ./Stairman/stairman12.o
 .debug_macro   0x000134ac       0x6d ./Stairman/stairman13.o
 .debug_macro   0x00013519       0x6d ./Stairman/stairman14.o
 .debug_macro   0x00013586       0x6d ./Stairman/stairman15.o
 .debug_macro   0x000135f3       0x6d ./Stairman/stairman16.o
 .debug_macro   0x00013660       0x6d ./Stairman/stairman17.o
 .debug_macro   0x000136cd       0x6d ./Stairman/stairman18.o
 .debug_macro   0x0001373a       0x6d ./Stairman/stairman19.o
 .debug_macro   0x000137a7       0x6d ./Stairman/stairman2.o
 .debug_macro   0x00013814       0x6d ./Stairman/stairman20.o
 .debug_macro   0x00013881       0x6d ./Stairman/stairman21.o
 .debug_macro   0x000138ee       0x6d ./Stairman/stairman22.o
 .debug_macro   0x0001395b       0x6d ./Stairman/stairman23.o
 .debug_macro   0x000139c8       0x6d ./Stairman/stairman24.o
 .debug_macro   0x00013a35       0x6d ./Stairman/stairman25.o
 .debug_macro   0x00013aa2       0x6d ./Stairman/stairman26.o
 .debug_macro   0x00013b0f       0x6d ./Stairman/stairman27.o
 .debug_macro   0x00013b7c       0x6d ./Stairman/stairman28.o
 .debug_macro   0x00013be9       0x6d ./Stairman/stairman3.o
 .debug_macro   0x00013c56       0x6d ./Stairman/stairman4.o
 .debug_macro   0x00013cc3       0x6d ./Stairman/stairman5.o
 .debug_macro   0x00013d30       0x6d ./Stairman/stairman6.o
 .debug_macro   0x00013d9d       0x6d ./Stairman/stairman7.o
 .debug_macro   0x00013e0a       0x6d ./Stairman/stairman8.o
 .debug_macro   0x00013e77       0x6d ./Stairman/stairman9.o
 .debug_macro   0x00013ee4       0x6d ./Stairman/stairmanfront.o
 .debug_macro   0x00013f51      0x36b ./ll_Lib/src/st7735s_ll.o
 .debug_macro   0x000142bc       0x10 ./ll_Lib/src/st7735s_ll.o

.debug_line     0x00000000    0x11855
 .debug_line    0x00000000      0x878 ./CaptureLib/fpCounter/src/fpCounter.o
 .debug_line    0x00000878      0x608 ./Core/Src/delay.o
 .debug_line    0x00000e80     0x1cd4 ./Core/Src/main.o
 .debug_line    0x00002b54      0x6d4 ./Core/Src/stm32f1xx_it.o
 .debug_line    0x00003228      0x565 ./Core/Src/system_stm32f1xx.o
 .debug_line    0x0000378d       0x78 ./Core/Startup/startup_stm32f103c8tx.o
 .debug_line    0x00003805      0x8df ./Drivers/STM32F1xx_HAL_Driver/Src/stm32f1xx_ll_gpio.o
 .debug_line    0x000040e4      0x6e4 ./Drivers/STM32F1xx_HAL_Driver/Src/stm32f1xx_ll_spi.o
 .debug_line    0x000047c8      0xd7a ./Drivers/STM32F1xx_HAL_Driver/Src/stm32f1xx_ll_tim.o
 .debug_line    0x00005542      0xb64 ./Drivers/STM32F1xx_HAL_Driver/Src/stm32f1xx_ll_utils.o
 .debug_line    0x000060a6      0x404 ./Stairman/Stairman.o
 .debug_line    0x000064aa      0x405 ./Stairman/stairman1.o
 .debug_line    0x000068af      0x406 ./Stairman/stairman10.o
 .debug_line    0x00006cb5      0x406 ./Stairman/stairman11.o
 .debug_line    0x000070bb      0x406 ./Stairman/stairman12.o
 .debug_line    0x000074c1      0x406 ./Stairman/stairman13.o
 .debug_line    0x000078c7      0x406 ./Stairman/stairman14.o
 .debug_line    0x00007ccd      0x406 ./Stairman/stairman15.o
 .debug_line    0x000080d3      0x406 ./Stairman/stairman16.o
 .debug_line    0x000084d9      0x406 ./Stairman/stairman17.o
 .debug_line    0x000088df      0x406 ./Stairman/stairman18.o
 .debug_line    0x00008ce5      0x406 ./Stairman/stairman19.o
 .debug_line    0x000090eb      0x405 ./Stairman/stairman2.o
 .debug_line    0x000094f0      0x406 ./Stairman/stairman20.o
 .debug_line    0x000098f6      0x406 ./Stairman/stairman21.o
 .debug_line    0x00009cfc      0x406 ./Stairman/stairman22.o
 .debug_line    0x0000a102      0x406 ./Stairman/stairman23.o
 .debug_line    0x0000a508      0x406 ./Stairman/stairman24.o
 .debug_line    0x0000a90e      0x406 ./Stairman/stairman25.o
 .debug_line    0x0000ad14      0x406 ./Stairman/stairman26.o
 .debug_line    0x0000b11a      0x406 ./Stairman/stairman27.o
 .debug_line    0x0000b520      0x406 ./Stairman/stairman28.o
 .debug_line    0x0000b926      0x405 ./Stairman/stairman3.o
 .debug_line    0x0000bd2b      0x405 ./Stairman/stairman4.o
 .debug_line    0x0000c130      0x405 ./Stairman/stairman5.o
 .debug_line    0x0000c535      0x405 ./Stairman/stairman6.o
 .debug_line    0x0000c93a      0x405 ./Stairman/stairman7.o
 .debug_line    0x0000cd3f      0x405 ./Stairman/stairman8.o
 .debug_line    0x0000d144      0x405 ./Stairman/stairman9.o
 .debug_line    0x0000d549      0x409 ./Stairman/stairmanfront.o
 .debug_line    0x0000d952     0x3f03 ./ll_Lib/src/st7735s_ll.o

.debug_str      0x00000000    0x64d11
 .debug_str     0x00000000    0x64d11 ./CaptureLib/fpCounter/src/fpCounter.o
                              0x5c59c (size before relaxing)
 .debug_str     0x00064d11    0x5c2ea ./Core/Src/delay.o
 .debug_str     0x00064d11    0x61afa ./Core/Src/main.o
 .debug_str     0x00064d11    0x5c379 ./Core/Src/stm32f1xx_it.o
 .debug_str     0x00064d11    0x547ea ./Core/Src/system_stm32f1xx.o
 .debug_str     0x00064d11       0x91 ./Core/Startup/startup_stm32f103c8tx.o
 .debug_str     0x00064d11    0x5612d ./Drivers/STM32F1xx_HAL_Driver/Src/stm32f1xx_ll_gpio.o
 .debug_str     0x00064d11    0x56cfe ./Drivers/STM32F1xx_HAL_Driver/Src/stm32f1xx_ll_spi.o
 .debug_str     0x00064d11    0x58e86 ./Drivers/STM32F1xx_HAL_Driver/Src/stm32f1xx_ll_tim.o
 .debug_str     0x00064d11    0x569a9 ./Drivers/STM32F1xx_HAL_Driver/Src/stm32f1xx_ll_utils.o
 .debug_str     0x00064d11     0x3f95 ./Stairman/Stairman.o
 .debug_str     0x00064d11     0x3e6d ./Stairman/stairman1.o
 .debug_str     0x00064d11     0x3e70 ./Stairman/stairman10.o
 .debug_str     0x00064d11     0x3e70 ./Stairman/stairman11.o
 .debug_str     0x00064d11     0x3e70 ./Stairman/stairman12.o
 .debug_str     0x00064d11     0x3e70 ./Stairman/stairman13.o
 .debug_str     0x00064d11     0x3e70 ./Stairman/stairman14.o
 .debug_str     0x00064d11     0x3e70 ./Stairman/stairman15.o
 .debug_str     0x00064d11     0x3e70 ./Stairman/stairman16.o
 .debug_str     0x00064d11     0x3e70 ./Stairman/stairman17.o
 .debug_str     0x00064d11     0x3e70 ./Stairman/stairman18.o
 .debug_str     0x00064d11     0x3e70 ./Stairman/stairman19.o
 .debug_str     0x00064d11     0x3e6d ./Stairman/stairman2.o
 .debug_str     0x00064d11     0x3e70 ./Stairman/stairman20.o
 .debug_str     0x00064d11     0x3e70 ./Stairman/stairman21.o
 .debug_str     0x00064d11     0x3e70 ./Stairman/stairman22.o
 .debug_str     0x00064d11     0x3e70 ./Stairman/stairman23.o
 .debug_str     0x00064d11     0x3e70 ./Stairman/stairman24.o
 .debug_str     0x00064d11     0x3e70 ./Stairman/stairman25.o
 .debug_str     0x00064d11     0x3e70 ./Stairman/stairman26.o
 .debug_str     0x00064d11     0x3e70 ./Stairman/stairman27.o
 .debug_str     0x00064d11     0x3e70 ./Stairman/stairman28.o
 .debug_str     0x00064d11     0x3e6d ./Stairman/stairman3.o
 .debug_str     0x00064d11     0x3e6d ./Stairman/stairman4.o
 .debug_str     0x00064d11     0x3e6d ./Stairman/stairman5.o
 .debug_str     0x00064d11     0x3e6d ./Stairman/stairman6.o
 .debug_str     0x00064d11     0x3e6d ./Stairman/stairman7.o
 .debug_str     0x00064d11     0x3e6d ./Stairman/stairman8.o
 .debug_str     0x00064d11     0x3e6d ./Stairman/stairman9.o
 .debug_str     0x00064d11     0x3e79 ./Stairman/stairmanfront.o
 .debug_str     0x00064d11    0x60337 ./ll_Lib/src/st7735s_ll.o

.comment        0x00000000       0x43
 .comment       0x00000000       0x43 ./CaptureLib/fpCounter/src/fpCounter.o
                                 0x44 (size before relaxing)
 .comment       0x00000043       0x44 ./Core/Src/delay.o
 .comment       0x00000043       0x44 ./Core/Src/main.o
 .comment       0x00000043       0x44 ./Core/Src/stm32f1xx_it.o
 .comment       0x00000043       0x44 ./Core/Src/system_stm32f1xx.o
 .comment       0x00000043       0x44 ./Drivers/STM32F1xx_HAL_Driver/Src/stm32f1xx_ll_gpio.o
 .comment       0x00000043       0x44 ./Drivers/STM32F1xx_HAL_Driver/Src/stm32f1xx_ll_spi.o
 .comment       0x00000043       0x44 ./Drivers/STM32F1xx_HAL_Driver/Src/stm32f1xx_ll_tim.o
 .comment       0x00000043       0x44 ./Drivers/STM32F1xx_HAL_Driver/Src/stm32f1xx_ll_utils.o
 .comment       0x00000043       0x44 ./Stairman/Stairman.o
 .comment       0x00000043       0x44 ./Stairman/stairman1.o
 .comment       0x00000043       0x44 ./Stairman/stairman10.o
 .comment       0x00000043       0x44 ./Stairman/stairman11.o
 .comment       0x00000043       0x44 ./Stairman/stairman12.o
 .comment       0x00000043       0x44 ./Stairman/stairman13.o
 .comment       0x00000043       0x44 ./Stairman/stairman14.o
 .comment       0x00000043       0x44 ./Stairman/stairman15.o
 .comment       0x00000043       0x44 ./Stairman/stairman16.o
 .comment       0x00000043       0x44 ./Stairman/stairman17.o
 .comment       0x00000043       0x44 ./Stairman/stairman18.o
 .comment       0x00000043       0x44 ./Stairman/stairman19.o
 .comment       0x00000043       0x44 ./Stairman/stairman2.o
 .comment       0x00000043       0x44 ./Stairman/stairman20.o
 .comment       0x00000043       0x44 ./Stairman/stairman21.o
 .comment       0x00000043       0x44 ./Stairman/stairman22.o
 .comment       0x00000043       0x44 ./Stairman/stairman23.o
 .comment       0x00000043       0x44 ./Stairman/stairman24.o
 .comment       0x00000043       0x44 ./Stairman/stairman25.o
 .comment       0x00000043       0x44 ./Stairman/stairman26.o
 .comment       0x00000043       0x44 ./Stairman/stairman27.o
 .comment       0x00000043       0x44 ./Stairman/stairman28.o
 .comment       0x00000043       0x44 ./Stairman/stairman3.o
 .comment       0x00000043       0x44 ./Stairman/stairman4.o
 .comment       0x00000043       0x44 ./Stairman/stairman5.o
 .comment       0x00000043       0x44 ./Stairman/stairman6.o
 .comment       0x00000043       0x44 ./Stairman/stairman7.o
 .comment       0x00000043       0x44 ./Stairman/stairman8.o
 .comment       0x00000043       0x44 ./Stairman/stairman9.o
 .comment       0x00000043       0x44 ./Stairman/stairmanfront.o
 .comment       0x00000043       0x44 ./ll_Lib/src/st7735s_ll.o

.debug_frame    0x00000000      0xab8
 .debug_frame   0x00000000       0x54 ./CaptureLib/fpCounter/src/fpCounter.o
 .debug_frame   0x00000054       0x20 ./Core/Src/delay.o
 .debug_frame   0x00000074      0x158 ./Core/Src/main.o
 .debug_frame   0x000001cc       0xa0 ./Core/Src/stm32f1xx_it.o
 .debug_frame   0x0000026c       0x30 ./Core/Src/system_stm32f1xx.o
 .debug_frame   0x0000029c       0x70 ./Drivers/STM32F1xx_HAL_Driver/Src/stm32f1xx_ll_gpio.o
 .debug_frame   0x0000030c       0x58 ./Drivers/STM32F1xx_HAL_Driver/Src/stm32f1xx_ll_spi.o
 .debug_frame   0x00000364      0x144 ./Drivers/STM32F1xx_HAL_Driver/Src/stm32f1xx_ll_tim.o
 .debug_frame   0x000004a8       0xcc ./Drivers/STM32F1xx_HAL_Driver/Src/stm32f1xx_ll_utils.o
 .debug_frame   0x00000574      0x248 ./ll_Lib/src/st7735s_ll.o
 .debug_frame   0x000007bc       0x20 C:/ST/STM32CubeIDE_1.19.0/STM32CubeIDE/plugins/com.st.stm32cube.ide.mcu.externaltools.gnu-tools-for-stm32.13.3.rel1.win32_1.0.0.202411081344/tools/bin/../lib/gcc/arm-none-eabi/13.3.1/../../../../arm-none-eabi/lib/thumb/v7-m/nofp\libc_nano.a(libc_a-memset.o)
 .debug_frame   0x000007dc       0x20 C:/ST/STM32CubeIDE_1.19.0/STM32CubeIDE/plugins/com.st.stm32cube.ide.mcu.externaltools.gnu-tools-for-stm32.13.3.rel1.win32_1.0.0.202411081344/tools/bin/../lib/gcc/arm-none-eabi/13.3.1/../../../../arm-none-eabi/lib/thumb/v7-m/nofp\libc_nano.a(libc_a-stpcpy.o)
 .debug_frame   0x000007fc       0x2c C:/ST/STM32CubeIDE_1.19.0/STM32CubeIDE/plugins/com.st.stm32cube.ide.mcu.externaltools.gnu-tools-for-stm32.13.3.rel1.win32_1.0.0.202411081344/tools/bin/../lib/gcc/arm-none-eabi/13.3.1/../../../../arm-none-eabi/lib/thumb/v7-m/nofp\libc_nano.a(libc_a-init.o)
 .debug_frame   0x00000828       0xac C:/ST/STM32CubeIDE_1.19.0/STM32CubeIDE/plugins/com.st.stm32cube.ide.mcu.externaltools.gnu-tools-for-stm32.13.3.rel1.win32_1.0.0.202411081344/tools/bin/../lib/gcc/arm-none-eabi/13.3.1/thumb/v7-m/nofp\libgcc.a(_arm_addsubdf3.o)
 .debug_frame   0x000008d4       0x50 C:/ST/STM32CubeIDE_1.19.0/STM32CubeIDE/plugins/com.st.stm32cube.ide.mcu.externaltools.gnu-tools-for-stm32.13.3.rel1.win32_1.0.0.202411081344/tools/bin/../lib/gcc/arm-none-eabi/13.3.1/thumb/v7-m/nofp\libgcc.a(_arm_muldivdf3.o)
 .debug_frame   0x00000924       0x24 C:/ST/STM32CubeIDE_1.19.0/STM32CubeIDE/plugins/com.st.stm32cube.ide.mcu.externaltools.gnu-tools-for-stm32.13.3.rel1.win32_1.0.0.202411081344/tools/bin/../lib/gcc/arm-none-eabi/13.3.1/thumb/v7-m/nofp\libgcc.a(_arm_fixunsdfsi.o)
 .debug_frame   0x00000948       0x4c C:/ST/STM32CubeIDE_1.19.0/STM32CubeIDE/plugins/com.st.stm32cube.ide.mcu.externaltools.gnu-tools-for-stm32.13.3.rel1.win32_1.0.0.202411081344/tools/bin/../lib/gcc/arm-none-eabi/13.3.1/thumb/v7-m/nofp\libgcc.a(_arm_addsubsf3.o)
 .debug_frame   0x00000994       0x38 C:/ST/STM32CubeIDE_1.19.0/STM32CubeIDE/plugins/com.st.stm32cube.ide.mcu.externaltools.gnu-tools-for-stm32.13.3.rel1.win32_1.0.0.202411081344/tools/bin/../lib/gcc/arm-none-eabi/13.3.1/thumb/v7-m/nofp\libgcc.a(_arm_muldivsf3.o)
 .debug_frame   0x000009cc       0xc8 C:/ST/STM32CubeIDE_1.19.0/STM32CubeIDE/plugins/com.st.stm32cube.ide.mcu.externaltools.gnu-tools-for-stm32.13.3.rel1.win32_1.0.0.202411081344/tools/bin/../lib/gcc/arm-none-eabi/13.3.1/thumb/v7-m/nofp\libgcc.a(_arm_cmpsf2.o)
 .debug_frame   0x00000a94       0x24 C:/ST/STM32CubeIDE_1.19.0/STM32CubeIDE/plugins/com.st.stm32cube.ide.mcu.externaltools.gnu-tools-for-stm32.13.3.rel1.win32_1.0.0.202411081344/tools/bin/../lib/gcc/arm-none-eabi/13.3.1/thumb/v7-m/nofp\libgcc.a(_arm_fixsfsi.o)

.debug_line_str
                0x00000000       0x75
 .debug_line_str
                0x00000000       0x75 ./Core/Startup/startup_stm32f103c8tx.o
