../Core/Src/main.c:789:6:Stairman_Update.part.0	16	static
../Core/Src/main.c:256:6:SystemClock_Config	8	static
../Core/Src/main.c:703:6:draw_waveform	24	static
../Core/Src/main.c:754:7:itoa	16	static
../Core/Src/main.c:738:6:float_to_str	16	static
../Core/Src/main.c:689:6:draw_duty	64	static
../Core/Src/main.c:652:6:format_frequency	32	static
../Core/Src/main.c:679:6:draw_frequency	56	static
../Core/Src/main.c:118:5:main	192	static
../Core/Src/main.c:789:6:Stairman_Update	0	static
../Core/Src/main.c:853:6:Error_Handler	0	static,ignoring_inline_asm
