Archive member included to satisfy reference by file (symbol)

C:/ST/STM32CubeIDE_1.19.0/STM32CubeIDE/plugins/com.st.stm32cube.ide.mcu.externaltools.gnu-tools-for-stm32.13.3.rel1.win32_1.0.0.202411081344/tools/bin/../lib/gcc/arm-none-eabi/13.3.1/../../../../arm-none-eabi/lib/thumb/v7-m/nofp\libc_nano.a(libc_a-exit.o)
                              C:/ST/STM32CubeIDE_1.19.0/STM32CubeIDE/plugins/com.st.stm32cube.ide.mcu.externaltools.gnu-tools-for-stm32.13.3.rel1.win32_1.0.0.202411081344/tools/bin/../lib/gcc/arm-none-eabi/13.3.1/../../../../arm-none-eabi/lib/thumb/v7-m/nofp/crt0.o (exit)
C:/ST/STM32CubeIDE_1.19.0/STM32CubeIDE/plugins/com.st.stm32cube.ide.mcu.externaltools.gnu-tools-for-stm32.13.3.rel1.win32_1.0.0.202411081344/tools/bin/../lib/gcc/arm-none-eabi/13.3.1/../../../../arm-none-eabi/lib/thumb/v7-m/nofp\libc_nano.a(libc_a-findfp.o)
                              C:/ST/STM32CubeIDE_1.19.0/STM32CubeIDE/plugins/com.st.stm32cube.ide.mcu.externaltools.gnu-tools-for-stm32.13.3.rel1.win32_1.0.0.202411081344/tools/bin/../lib/gcc/arm-none-eabi/13.3.1/../../../../arm-none-eabi/lib/thumb/v7-m/nofp\libc_nano.a(libc_a-exit.o) (__stdio_exit_handler)
C:/ST/STM32CubeIDE_1.19.0/STM32CubeIDE/plugins/com.st.stm32cube.ide.mcu.externaltools.gnu-tools-for-stm32.13.3.rel1.win32_1.0.0.202411081344/tools/bin/../lib/gcc/arm-none-eabi/13.3.1/../../../../arm-none-eabi/lib/thumb/v7-m/nofp\libc_nano.a(libc_a-fwalk.o)
                              C:/ST/STM32CubeIDE_1.19.0/STM32CubeIDE/plugins/com.st.stm32cube.ide.mcu.externaltools.gnu-tools-for-stm32.13.3.rel1.win32_1.0.0.202411081344/tools/bin/../lib/gcc/arm-none-eabi/13.3.1/../../../../arm-none-eabi/lib/thumb/v7-m/nofp\libc_nano.a(libc_a-findfp.o) (_fwalk_sglue)
C:/ST/STM32CubeIDE_1.19.0/STM32CubeIDE/plugins/com.st.stm32cube.ide.mcu.externaltools.gnu-tools-for-stm32.13.3.rel1.win32_1.0.0.202411081344/tools/bin/../lib/gcc/arm-none-eabi/13.3.1/../../../../arm-none-eabi/lib/thumb/v7-m/nofp\libc_nano.a(libc_a-stdio.o)
                              C:/ST/STM32CubeIDE_1.19.0/STM32CubeIDE/plugins/com.st.stm32cube.ide.mcu.externaltools.gnu-tools-for-stm32.13.3.rel1.win32_1.0.0.202411081344/tools/bin/../lib/gcc/arm-none-eabi/13.3.1/../../../../arm-none-eabi/lib/thumb/v7-m/nofp\libc_nano.a(libc_a-findfp.o) (__sread)
C:/ST/STM32CubeIDE_1.19.0/STM32CubeIDE/plugins/com.st.stm32cube.ide.mcu.externaltools.gnu-tools-for-stm32.13.3.rel1.win32_1.0.0.202411081344/tools/bin/../lib/gcc/arm-none-eabi/13.3.1/../../../../arm-none-eabi/lib/thumb/v7-m/nofp\libc_nano.a(libc_a-memset.o)
                              C:/ST/STM32CubeIDE_1.19.0/STM32CubeIDE/plugins/com.st.stm32cube.ide.mcu.externaltools.gnu-tools-for-stm32.13.3.rel1.win32_1.0.0.202411081344/tools/bin/../lib/gcc/arm-none-eabi/13.3.1/../../../../arm-none-eabi/lib/thumb/v7-m/nofp/crt0.o (memset)
C:/ST/STM32CubeIDE_1.19.0/STM32CubeIDE/plugins/com.st.stm32cube.ide.mcu.externaltools.gnu-tools-for-stm32.13.3.rel1.win32_1.0.0.202411081344/tools/bin/../lib/gcc/arm-none-eabi/13.3.1/../../../../arm-none-eabi/lib/thumb/v7-m/nofp\libc_nano.a(libc_a-closer.o)
                              C:/ST/STM32CubeIDE_1.19.0/STM32CubeIDE/plugins/com.st.stm32cube.ide.mcu.externaltools.gnu-tools-for-stm32.13.3.rel1.win32_1.0.0.202411081344/tools/bin/../lib/gcc/arm-none-eabi/13.3.1/../../../../arm-none-eabi/lib/thumb/v7-m/nofp\libc_nano.a(libc_a-stdio.o) (_close_r)
C:/ST/STM32CubeIDE_1.19.0/STM32CubeIDE/plugins/com.st.stm32cube.ide.mcu.externaltools.gnu-tools-for-stm32.13.3.rel1.win32_1.0.0.202411081344/tools/bin/../lib/gcc/arm-none-eabi/13.3.1/../../../../arm-none-eabi/lib/thumb/v7-m/nofp\libc_nano.a(libc_a-reent.o)
                              C:/ST/STM32CubeIDE_1.19.0/STM32CubeIDE/plugins/com.st.stm32cube.ide.mcu.externaltools.gnu-tools-for-stm32.13.3.rel1.win32_1.0.0.202411081344/tools/bin/../lib/gcc/arm-none-eabi/13.3.1/../../../../arm-none-eabi/lib/thumb/v7-m/nofp\libc_nano.a(libc_a-closer.o) (errno)
C:/ST/STM32CubeIDE_1.19.0/STM32CubeIDE/plugins/com.st.stm32cube.ide.mcu.externaltools.gnu-tools-for-stm32.13.3.rel1.win32_1.0.0.202411081344/tools/bin/../lib/gcc/arm-none-eabi/13.3.1/../../../../arm-none-eabi/lib/thumb/v7-m/nofp\libc_nano.a(libc_a-impure.o)
                              C:/ST/STM32CubeIDE_1.19.0/STM32CubeIDE/plugins/com.st.stm32cube.ide.mcu.externaltools.gnu-tools-for-stm32.13.3.rel1.win32_1.0.0.202411081344/tools/bin/../lib/gcc/arm-none-eabi/13.3.1/../../../../arm-none-eabi/lib/thumb/v7-m/nofp\libc_nano.a(libc_a-reent.o) (_impure_ptr)
C:/ST/STM32CubeIDE_1.19.0/STM32CubeIDE/plugins/com.st.stm32cube.ide.mcu.externaltools.gnu-tools-for-stm32.13.3.rel1.win32_1.0.0.202411081344/tools/bin/../lib/gcc/arm-none-eabi/13.3.1/../../../../arm-none-eabi/lib/thumb/v7-m/nofp\libc_nano.a(libc_a-lseekr.o)
[...]
Memory Configuration

Name             Origin             Length             Attributes
RAM              0x20000000         0x00005000         xrw
FLASH            0x08000000         0x00010000         xr
*default*        0x00000000         0xffffffff

Linker script and memory map

LOAD C:/ST/STM32CubeIDE_1.19.0/STM32CubeIDE/plugins/com.st.stm32cube.ide.mcu.externaltools.gnu-tools-for-stm32.13.3.rel1.win32_1.0.0.202411081344/tools/bin/../lib/gcc/arm-none-eabi/13.3.1/thumb/v7-m/nofp/crti.o
LOAD C:/ST/STM32CubeIDE_1.19.0/STM32CubeIDE/plugins/com.st.stm32cube.ide.mcu.externaltools.gnu-tools-for-stm32.13.3.rel1.win32_1.0.0.202411081344/tools/bin/../lib/gcc/arm-none-eabi/13.3.1/thumb/v7-m/nofp/crtbegin.o
LOAD C:/ST/STM32CubeIDE_1.19.0/STM32CubeIDE/plugins/com.st.stm32cube.ide.mcu.externaltools.gnu-tools-for-stm32.13.3.rel1.win32_1.0.0.202411081344/tools/bin/../lib/gcc/arm-none-eabi/13.3.1/../../../../arm-none-eabi/lib/thumb/v7-m/nofp/crt0.o
LOAD ./CaptureLib/fpCounter/src/fpCounter.o
LOAD ./Core/Src/delay.o
LOAD ./Core/Src/main.o
LOAD ./Core/Src/stm32f1xx_it.o
LOAD ./Core/Src/syscalls.o
LOAD ./Core/Src/sysmem.o
LOAD ./Core/Src/system_stm32f1xx.o
LOAD ./Core/Startup/startup_stm32f103c8tx.o
LOAD ./Drivers/STM32F1xx_HAL_Driver/Src/stm32f1xx_ll_dma.o
LOAD ./Drivers/STM32F1xx_HAL_Driver/Src/stm32f1xx_ll_exti.o
LOAD ./Drivers/STM32F1xx_HAL_Driver/Src/stm32f1xx_ll_gpio.o
LOAD ./Drivers/STM32F1xx_HAL_Driver/Src/stm32f1xx_ll_pwr.o
LOAD ./Drivers/STM32F1xx_HAL_Driver/Src/stm32f1xx_ll_rcc.o
LOAD ./Drivers/STM32F1xx_HAL_Driver/Src/stm32f1xx_ll_spi.o
LOAD ./Drivers/STM32F1xx_HAL_Driver/Src/stm32f1xx_ll_tim.o
LOAD ./Drivers/STM32F1xx_HAL_Driver/Src/stm32f1xx_ll_utils.o
LOAD ./Stairman/Stairman.o
LOAD ./Stairman/stairman1.o
LOAD ./Stairman/stairman10.o
LOAD ./Stairman/stairman11.o
LOAD ./Stairman/stairman12.o
LOAD ./Stairman/stairman13.o
LOAD ./Stairman/stairman14.o
LOAD ./Stairman/stairman15.o
LOAD ./Stairman/stairman16.o
LOAD ./Stairman/stairman17.o
LOAD ./Stairman/stairman18.o
LOAD ./Stairman/stairman19.o
LOAD ./Stairman/stairman2.o
LOAD ./Stairman/stairman20.o
LOAD ./Stairman/stairman21.o
LOAD ./Stairman/stairman22.o
LOAD ./Stairman/stairman23.o
LOAD ./Stairman/stairman24.o
LOAD ./Stairman/stairman25.o
LOAD ./Stairman/stairman26.o
LOAD ./Stairman/stairman27.o
LOAD ./Stairman/stairman28.o
LOAD ./Stairman/stairman3.o
LOAD ./Stairman/stairman4.o
LOAD ./Stairman/stairman5.o
LOAD ./Stairman/stairman6.o
LOAD ./Stairman/stairman7.o
LOAD ./Stairman/stairman8.o
LOAD ./Stairman/stairman9.o
LOAD ./Stairman/stairmanfront.o
LOAD ./ll_Lib/src/Font_8x10.o
LOAD ./ll_Lib/src/Image_rgb.o
LOAD ./ll_Lib/src/PulseC.o
LOAD ./ll_Lib/src/freqC.o
LOAD ./ll_Lib/src/st7735s_ll.o
START GROUP
LOAD C:/ST/STM32CubeIDE_1.19.0/STM32CubeIDE/plugins/com.st.stm32cube.ide.mcu.externaltools.gnu-tools-for-stm32.13.3.rel1.win32_1.0.0.202411081344/tools/bin/../lib/gcc/arm-none-eabi/13.3.1/../../../../arm-none-eabi/lib/thumb/v7-m/nofp\libc_nano.a
LOAD C:/ST/STM32CubeIDE_1.19.0/STM32CubeIDE/plugins/com.st.stm32cube.ide.mcu.externaltools.gnu-tools-for-stm32.13.3.rel1.win32_1.0.0.202411081344/tools/bin/../lib/gcc/arm-none-eabi/13.3.1/../../../../arm-none-eabi/lib/thumb/v7-m/nofp\libm.a
END GROUP
START GROUP
LOAD C:/ST/STM32CubeIDE_1.19.0/STM32CubeIDE/plugins/com.st.stm32cube.ide.mcu.externaltools.gnu-tools-for-stm32.13.3.rel1.win32_1.0.0.202411081344/tools/bin/../lib/gcc/arm-none-eabi/13.3.1/thumb/v7-m/nofp\libgcc.a
LOAD C:/ST/STM32CubeIDE_1.19.0/STM32CubeIDE/plugins/com.st.stm32cube.ide.mcu.externaltools.gnu-tools-for-stm32.13.3.rel1.win32_1.0.0.202411081344/tools/bin/../lib/gcc/arm-none-eabi/13.3.1/../../../../arm-none-eabi/lib/thumb/v7-m/nofp\libc_nano.a
END GROUP
START GROUP
LOAD C:/ST/STM32CubeIDE_1.19.0/STM32CubeIDE/plugins/com.st.stm32cube.ide.mcu.externaltools.gnu-tools-for-stm32.13.3.rel1.win32_1.0.0.202411081344/tools/bin/../lib/gcc/arm-none-eabi/13.3.1/thumb/v7-m/nofp\libgcc.a
LOAD C:/ST/STM32CubeIDE_1.19.0/STM32CubeIDE/plugins/com.st.stm32cube.ide.mcu.externaltools.gnu-tools-for-stm32.13.3.rel1.win32_1.0.0.202411081344/tools/bin/../lib/gcc/arm-none-eabi/13.3.1/../../../../arm-none-eabi/lib/thumb/v7-m/nofp\libc_nano.a
LOAD C:/ST/STM32CubeIDE_1.19.0/STM32CubeIDE/plugins/com.st.stm32cube.ide.mcu.externaltools.gnu-tools-for-stm32.13.3.rel1.win32_1.0.0.202411081344/tools/bin/../lib/gcc/arm-none-eabi/13.3.1/../../../../arm-none-eabi/lib/thumb/v7-m/nofp\libnosys.a
END GROUP
START GROUP
LOAD C:/ST/STM32CubeIDE_1.19.0/STM32CubeIDE/plugins/com.st.stm32cube.ide.mcu.externaltools.gnu-tools-for-stm32.13.3.rel1.win32_1.0.0.202411081344/tools/bin/../lib/gcc/arm-none-eabi/13.3.1/thumb/v7-m/nofp\libgcc.a
LOAD C:/ST/STM32CubeIDE_1.19.0/STM32CubeIDE/plugins/com.st.stm32cube.ide.mcu.externaltools.gnu-tools-for-stm32.13.3.rel1.win32_1.0.0.202411081344/tools/bin/../lib/gcc/arm-none-eabi/13.3.1/../../../../arm-none-eabi/lib/thumb/v7-m/nofp\libc_nano.a
LOAD C:/ST/STM32CubeIDE_1.19.0/STM32CubeIDE/plugins/com.st.stm32cube.ide.mcu.externaltools.gnu-tools-for-stm32.13.3.rel1.win32_1.0.0.202411081344/tools/bin/../lib/gcc/arm-none-eabi/13.3.1/../../../../arm-none-eabi/lib/thumb/v7-m/nofp\libnosys.a
END GROUP
LOAD C:/ST/STM32CubeIDE_1.19.0/STM32CubeIDE/plugins/com.st.stm32cube.ide.mcu.externaltools.gnu-tools-for-stm32.13.3.rel1.win32_1.0.0.202411081344/tools/bin/../lib/gcc/arm-none-eabi/13.3.1/thumb/v7-m/nofp/crtend.o
LOAD C:/ST/STM32CubeIDE_1.19.0/STM32CubeIDE/plugins/com.st.stm32cube.ide.mcu.externaltools.gnu-tools-for-stm32.13.3.rel1.win32_1.0.0.202411081344/tools/bin/../lib/gcc/arm-none-eabi/13.3.1/thumb/v7-m/nofp/crtn.o
                0x20005000                        _estack = (ORIGIN (RAM) + LENGTH (RAM))
                0x00000200                        _Min_Heap_Size = 0x200
                0x00000400                        _Min_Stack_Size = 0x400

.isr_vector     0x08000000      0x10c
                0x08000000                        . = ALIGN (0x4)
 *(.isr_vector)
 .isr_vector    0x08000000      0x10c ./Core/Startup/startup_stm32f103c8tx.o
                0x08000000                g_pfnVectors
                0x0800010c                        . = ALIGN (0x4)

.text           0x08000110     0x26c0
                0x08000110                        . = ALIGN (0x4)
 *(.text)
 .text          0x08000110       0x40 C:/ST/STM32CubeIDE_1.19.0/STM32CubeIDE/plugins/com.st.stm32cube.ide.mcu.externaltools.gnu-tools-for-stm32.13.3.rel1.win32_1.0.0.202411081344/tools/bin/../lib/gcc/arm-none-eabi/13.3.1/thumb/v7-m/nofp/crtbegin.o
 .text          0x08000150       0x10 C:/ST/STM32CubeIDE_1.19.0/STM32CubeIDE/plugins/com.st.stm32cube.ide.mcu.externaltools.gnu-tools-for-stm32.13.3.rel1.win32_1.0.0.202411081344/tools/bin/../lib/gcc/arm-none-eabi/13.3.1/../../../../arm-none-eabi/lib/thumb/v7-m/nofp\libc_nano.a(libc_a-strlen.o)
                0x08000150                strlen
 .text          0x08000160      0x378 C:/ST/STM32CubeIDE_1.19.0/STM32CubeIDE/plugins/com.st.stm32cube.ide.mcu.externaltools.gnu-tools-for-stm32.13.3.rel1.win32_1.0.0.202411081344/tools/bin/../lib/gcc/arm-none-eabi/13.3.1/thumb/v7-m/nofp\libgcc.a(_arm_addsubdf3.o)
                0x08000160                __aeabi_drsub
                0x08000168                __aeabi_dsub
                0x08000168                __subdf3
                0x0800016c                __aeabi_dadd
                0x0800016c                __adddf3
                0x080003e4                __floatunsidf
                0x080003e4                __aeabi_ui2d
                0x08000404                __floatsidf
                0x08000404                __aeabi_i2d
                0x08000428                __aeabi_f2d
                0x08000428                __extendsfdf2
                0x0800046c                __floatundidf
                0x0800046c                __aeabi_ul2d
                0x0800047c                __floatdidf
                0x0800047c                __aeabi_l2d
 .text          0x080004d8      0x424 C:/ST/STM32CubeIDE_1.19.0/STM32CubeIDE/plugins/com.st.stm32cube.ide.mcu.externaltools.gnu-tools-for-stm32.13.3.rel1.win32_1.0.0.202411081344/tools/bin/../lib/gcc/arm-none-eabi/13.3.1/thumb/v7-m/nofp\libgcc.a(_arm_muldivdf3.o)
                0x080004d8                __aeabi_dmul
                0x080004d8                __muldf3
                0x0800072c                __divdf3
                0x0800072c                __aeabi_ddiv
 .text          0x080008fc       0x40 C:/ST/STM32CubeIDE_1.19.0/STM32CubeIDE/plugins/com.st.stm32cube.ide.mcu.externaltools.gnu-tools-for-stm32.13.3.rel1.win32_1.0.0.202411081344/tools/bin/../lib/gcc/arm-none-eabi/13.3.1/thumb/v7-m/nofp\libgcc.a(_arm_fixunsdfsi.o)
                0x080008fc                __aeabi_d2uiz
                0x080008fc                __fixunsdfsi
 .text          0x0800093c      0x21c C:/ST/STM32CubeIDE_1.19.0/STM32CubeIDE/plugins/com.st.stm32cube.ide.mcu.externaltools.gnu-tools-for-stm32.13.3.rel1.win32_1.0.0.202411081344/tools/bin/../lib/gcc/arm-none-eabi/13.3.1/thumb/v7-m/nofp\libgcc.a(_arm_addsubsf3.o)
                0x0800093c                __aeabi_frsub
                0x08000944                __subsf3
                0x08000944                __aeabi_fsub
                0x08000948                __aeabi_fadd
                0x08000948                __addsf3
                0x08000aa8                __aeabi_ui2f
                0x08000aa8                __floatunsisf
                0x08000ab0                __aeabi_i2f
                0x08000ab0                __floatsisf
                0x08000acc                __aeabi_ul2f
                0x08000acc                __floatundisf
                0x08000adc                __aeabi_l2f
                0x08000adc                __floatdisf
 .text          0x08000b58      0x2a0 C:/ST/STM32CubeIDE_1.19.0/STM32CubeIDE/plugins/com.st.stm32cube.ide.mcu.externaltools.gnu-tools-for-stm32.13.3.rel1.win32_1.0.0.202411081344/tools/bin/../lib/gcc/arm-none-eabi/13.3.1/thumb/v7-m/nofp\libgcc.a(_arm_muldivsf3.o)
                0x08000b58                __mulsf3
                0x08000b58                __aeabi_fmul
                0x08000cc0                __aeabi_fdiv
                0x08000cc0                __divsf3
 .text          0x08000df8       0xec C:/ST/STM32CubeIDE_1.19.0/STM32CubeIDE/plugins/com.st.stm32cube.ide.mcu.externaltools.gnu-tools-for-stm32.13.3.rel1.win32_1.0.0.202411081344/tools/bin/../lib/gcc/arm-none-eabi/13.3.1/thumb/v7-m/nofp\libgcc.a(_arm_cmpsf2.o)
                0x08000df8                __gesf2
                0x08000df8                __gtsf2
                0x08000e00                __lesf2
                0x08000e00                __ltsf2
                0x08000e08                __nesf2
                0x08000e08                __eqsf2
                0x08000e08                __cmpsf2
                0x08000e68                __aeabi_cfrcmple
                0x08000e70                __aeabi_cfcmpeq
                0x08000e70                __aeabi_cfcmple
                0x08000e80                __aeabi_fcmpeq
                0x08000e94                __aeabi_fcmplt
                0x08000ea8                __aeabi_fcmple
                0x08000ebc                __aeabi_fcmpge
                0x08000ed0                __aeabi_fcmpgt
 .text          0x08000ee4       0x4c C:/ST/STM32CubeIDE_1.19.0/STM32CubeIDE/plugins/com.st.stm32cube.ide.mcu.externaltools.gnu-tools-for-stm32.13.3.rel1.win32_1.0.0.202411081344/tools/bin/../lib/gcc/arm-none-eabi/13.3.1/thumb/v7-m/nofp\libgcc.a(_arm_fixsfsi.o)
                0x08000ee4                __aeabi_f2iz
                0x08000ee4                __fixsfsi
 *(.text*)
 .text.fpCounter_p_init
                0x08000f30       0x88 ./CaptureLib/fpCounter/src/fpCounter.o
                0x08000f30                fpCounter_p_init
 .text.fpCounter_p_get
                0x08000fb8       0x74 ./CaptureLib/fpCounter/src/fpCounter.o
                0x08000fb8                fpCounter_p_get
 .text.delay_ms
                0x0800102c        0x8 ./Core/Src/delay.o
                0x0800102c                delay_ms
 .text.SystemClock_Config
                0x08001034       0x9c ./Core/Src/main.o
                0x08001034                SystemClock_Config
 .text.itoa     0x080010d0       0x5c ./Core/Src/main.o
                0x080010d0                itoa
 .text.float_to_str
                0x0800112c       0x70 ./Core/Src/main.o
                0x0800112c                float_to_str
 .text.draw_duty
                0x0800119c       0x5c ./Core/Src/main.o
                0x0800119c                draw_duty
 .text.format_frequency
                0x080011f8       0xb4 ./Core/Src/main.o
                0x080011f8                format_frequency
 .text.draw_frequency
                0x080012ac       0x38 ./Core/Src/main.o
                0x080012ac                draw_frequency
 .text.Stairman_Update
                0x080012e4      0x1e8 ./Core/Src/main.o
                0x080012e4                Stairman_Update
 .text.main     0x080014cc      0x768 ./Core/Src/main.o
                0x080014cc                main
 .text.NMI_Handler
                0x08001c34        0x2 ./Core/Src/stm32f1xx_it.o
                0x08001c34                NMI_Handler
 .text.HardFault_Handler
                0x08001c36        0x2 ./Core/Src/stm32f1xx_it.o
                0x08001c36                HardFault_Handler
 .text.MemManage_Handler
                0x08001c38        0x2 ./Core/Src/stm32f1xx_it.o
                0x08001c38                MemManage_Handler
 .text.BusFault_Handler
                0x08001c3a        0x2 ./Core/Src/stm32f1xx_it.o
                0x08001c3a                BusFault_Handler
 .text.UsageFault_Handler
                0x08001c3c        0x2 ./Core/Src/stm32f1xx_it.o
                0x08001c3c                UsageFault_Handler
 .text.SVC_Handler
                0x08001c3e        0x2 ./Core/Src/stm32f1xx_it.o
                0x08001c3e                SVC_Handler
 .text.DebugMon_Handler
                0x08001c40        0x2 ./Core/Src/stm32f1xx_it.o
                0x08001c40                DebugMon_Handler
 .text.PendSV_Handler
                0x08001c42        0x2 ./Core/Src/stm32f1xx_it.o
                0x08001c42                PendSV_Handler
 .text.SysTick_Handler
                0x08001c44       0x10 ./Core/Src/stm32f1xx_it.o
                0x08001c44                SysTick_Handler
 .text.SystemInit
                0x08001c54        0x2 ./Core/Src/system_stm32f1xx.o
                0x08001c54                SystemInit
 *fill*         0x08001c56        0x2 
 .text.Reset_Handler
                0x08001c58       0x48 ./Core/Startup/startup_stm32f103c8tx.o
                0x08001c58                Reset_Handler
 .text.Default_Handler
                0x08001ca0        0x2 ./Core/Startup/startup_stm32f103c8tx.o
                0x08001ca0                RTC_Alarm_IRQHandler
                0x08001ca0                EXTI2_IRQHandler
                0x08001ca0                TIM1_CC_IRQHandler
                0x08001ca0                PVD_IRQHandler
                0x08001ca0                EXTI3_IRQHandler
                0x08001ca0                EXTI0_IRQHandler
                0x08001ca0                I2C2_EV_IRQHandler
                0x08001ca0                ADC1_2_IRQHandler
                0x08001ca0                SPI1_IRQHandler
                0x08001ca0                TAMPER_IRQHandler
                0x08001ca0                DMA1_Channel4_IRQHandler
                0x08001ca0                USART3_IRQHandler
                0x08001ca0                RTC_IRQHandler
                0x08001ca0                DMA1_Channel7_IRQHandler
                0x08001ca0                CAN1_RX1_IRQHandler
                0x08001ca0                TIM4_IRQHandler
                0x08001ca0                I2C1_EV_IRQHandler
                0x08001ca0                DMA1_Channel6_IRQHandler
                0x08001ca0                TIM3_IRQHandler
                0x08001ca0                RCC_IRQHandler
                0x08001ca0                TIM1_TRG_COM_IRQHandler
                0x08001ca0                DMA1_Channel1_IRQHandler
                0x08001ca0                Default_Handler
                0x08001ca0                EXTI15_10_IRQHandler
                0x08001ca0                EXTI9_5_IRQHandler
                0x08001ca0                SPI2_IRQHandler
                0x08001ca0                DMA1_Channel5_IRQHandler
                0x08001ca0                EXTI4_IRQHandler
                0x08001ca0                USB_LP_CAN1_RX0_IRQHandler
                0x08001ca0                USB_HP_CAN1_TX_IRQHandler
                0x08001ca0                DMA1_Channel3_IRQHandler
                0x08001ca0                TIM1_UP_IRQHandler
                0x08001ca0                WWDG_IRQHandler
                0x08001ca0                TIM2_IRQHandler
                0x08001ca0                TIM1_BRK_IRQHandler
                0x08001ca0                EXTI1_IRQHandler
                0x08001ca0                USART2_IRQHandler
                0x08001ca0                I2C2_ER_IRQHandler
                0x08001ca0                DMA1_Channel2_IRQHandler
                0x08001ca0                CAN1_SCE_IRQHandler
                0x08001ca0                FLASH_IRQHandler
                0x08001ca0                USART1_IRQHandler
                0x08001ca0                I2C1_ER_IRQHandler
                0x08001ca0                USBWakeUp_IRQHandler
 .text.LL_GPIO_Init
                0x08001ca2      0x128 ./Drivers/STM32F1xx_HAL_Driver/Src/stm32f1xx_ll_gpio.o
                0x08001ca2                LL_GPIO_Init
 .text.LL_SPI_Init
                0x08001dca       0x60 ./Drivers/STM32F1xx_HAL_Driver/Src/stm32f1xx_ll_spi.o
                0x08001dca                LL_SPI_Init
 *fill*         0x08001e2a        0x2 
 .text.LL_TIM_Init
                0x08001e2c       0xb8 ./Drivers/STM32F1xx_HAL_Driver/Src/stm32f1xx_ll_tim.o
                0x08001e2c                LL_TIM_Init
 .text.LL_TIM_OC_Init
                0x08001ee4      0x1ac ./Drivers/STM32F1xx_HAL_Driver/Src/stm32f1xx_ll_tim.o
                0x08001ee4                LL_TIM_OC_Init
 .text.LL_TIM_BDTR_Init
                0x08002090       0x34 ./Drivers/STM32F1xx_HAL_Driver/Src/stm32f1xx_ll_tim.o
                0x08002090                LL_TIM_BDTR_Init
 .text.LL_Init1msTick
                0x080020c4       0x20 ./Drivers/STM32F1xx_HAL_Driver/Src/stm32f1xx_ll_utils.o
                0x080020c4                LL_Init1msTick
 .text.LL_mDelay
                0x080020e4       0x2e ./Drivers/STM32F1xx_HAL_Driver/Src/stm32f1xx_ll_utils.o
                0x080020e4                LL_mDelay
 *fill*         0x08002112        0x2 
 .text.LL_SetSystemCoreClock
                0x08002114        0xc ./Drivers/STM32F1xx_HAL_Driver/Src/stm32f1xx_ll_utils.o
                0x08002114                LL_SetSystemCoreClock
 .text.ST7735_WriteSPI
                0x08002120       0x30 ./ll_Lib/src/st7735s_ll.o
 .text.ST7735_WriteCommand
                0x08002150       0x24 ./ll_Lib/src/st7735s_ll.o
 .text.ST7735_WriteData
                0x08002174       0x14 ./ll_Lib/src/st7735s_ll.o
 .text.ST7735_SetAddrWindow
                0x08002188       0x64 ./ll_Lib/src/st7735s_ll.o
                0x08002188                ST7735_SetAddrWindow
 .text.ST7735_SetRotation
                0x080021ec       0x8c ./ll_Lib/src/st7735s_ll.o
                0x080021ec                ST7735_SetRotation
 .text.ST7735_FillScreen
                0x08002278       0x6c ./ll_Lib/src/st7735s_ll.o
                0x08002278                ST7735_FillScreen
 .text.ST7735_Init
                0x080022e4      0x1b8 ./ll_Lib/src/st7735s_ll.o
                0x080022e4                ST7735_Init
 .text.ST7735_DrawPixel
                0x0800249c       0x58 ./ll_Lib/src/st7735s_ll.o
                0x0800249c                ST7735_DrawPixel
 .text.ST7735_FillRect
                0x080024f4       0xa4 ./ll_Lib/src/st7735s_ll.o
                0x080024f4                ST7735_FillRect
 .text.ST7735_DrawBitmapMonoTransparent
                0x08002598       0x9c ./ll_Lib/src/st7735s_ll.o
                0x08002598                ST7735_DrawBitmapMonoTransparent
 .text.DrawChar_GFX
                0x08002634       0xc0 ./ll_Lib/src/st7735s_ll.o
                0x08002634                DrawChar_GFX
 .text.DrawString_GFX
                0x080026f4       0x5a ./ll_Lib/src/st7735s_ll.o
                0x080026f4                DrawString_GFX
 .text.memset   0x0800274e       0x10 C:/ST/STM32CubeIDE_1.19.0/STM32CubeIDE/plugins/com.st.stm32cube.ide.mcu.externaltools.gnu-tools-for-stm32.13.3.rel1.win32_1.0.0.202411081344/tools/bin/../lib/gcc/arm-none-eabi/13.3.1/../../../../arm-none-eabi/lib/thumb/v7-m/nofp\libc_nano.a(libc_a-memset.o)
                0x0800274e                memset
 *fill*         0x0800275e        0x2 
 .text.__libc_init_array
                0x08002760       0x48 C:/ST/STM32CubeIDE_1.19.0/STM32CubeIDE/plugins/com.st.stm32cube.ide.mcu.externaltools.gnu-tools-for-stm32.13.3.rel1.win32_1.0.0.202411081344/tools/bin/../lib/gcc/arm-none-eabi/13.3.1/../../../../arm-none-eabi/lib/thumb/v7-m/nofp\libc_nano.a(libc_a-init.o)
                0x08002760                __libc_init_array
 .text.strcpy   0x080027a8       0x10 C:/ST/STM32CubeIDE_1.19.0/STM32CubeIDE/plugins/com.st.stm32cube.ide.mcu.externaltools.gnu-tools-for-stm32.13.3.rel1.win32_1.0.0.202411081344/tools/bin/../lib/gcc/arm-none-eabi/13.3.1/../../../../arm-none-eabi/lib/thumb/v7-m/nofp\libc_nano.a(libc_a-strcpy.o)
                0x080027a8                strcpy
 *(.glue_7)
 .glue_7        0x080027b8        0x0 linker stubs
 *(.glue_7t)
 .glue_7t       0x080027b8        0x0 linker stubs
 *(.eh_frame)
 .eh_frame      0x080027b8        0x0 C:/ST/STM32CubeIDE_1.19.0/STM32CubeIDE/plugins/com.st.stm32cube.ide.mcu.externaltools.gnu-tools-for-stm32.13.3.rel1.win32_1.0.0.202411081344/tools/bin/../lib/gcc/arm-none-eabi/13.3.1/thumb/v7-m/nofp/crtbegin.o
 *(.init)
 .init          0x080027b8        0x4 C:/ST/STM32CubeIDE_1.19.0/STM32CubeIDE/plugins/com.st.stm32cube.ide.mcu.externaltools.gnu-tools-for-stm32.13.3.rel1.win32_1.0.0.202411081344/tools/bin/../lib/gcc/arm-none-eabi/13.3.1/thumb/v7-m/nofp/crti.o
                0x080027b8                _init
 .init          0x080027bc        0x8 C:/ST/STM32CubeIDE_1.19.0/STM32CubeIDE/plugins/com.st.stm32cube.ide.mcu.externaltools.gnu-tools-for-stm32.13.3.rel1.win32_1.0.0.202411081344/tools/bin/../lib/gcc/arm-none-eabi/13.3.1/thumb/v7-m/nofp/crtn.o
 *(.fini)
 .fini          0x080027c4        0x4 C:/ST/STM32CubeIDE_1.19.0/STM32CubeIDE/plugins/com.st.stm32cube.ide.mcu.externaltools.gnu-tools-for-stm32.13.3.rel1.win32_1.0.0.202411081344/tools/bin/../lib/gcc/arm-none-eabi/13.3.1/thumb/v7-m/nofp/crti.o
                0x080027c4                _fini
 .fini          0x080027c8        0x8 C:/ST/STM32CubeIDE_1.19.0/STM32CubeIDE/plugins/com.st.stm32cube.ide.mcu.externaltools.gnu-tools-for-stm32.13.3.rel1.win32_1.0.0.202411081344/tools/bin/../lib/gcc/arm-none-eabi/13.3.1/thumb/v7-m/nofp/crtn.o
                0x080027d0                        . = ALIGN (0x4)
                0x080027d0                        _etext = .

.vfp11_veneer   0x080027d0        0x0
 .vfp11_veneer  0x080027d0        0x0 linker stubs

.v4_bx          0x080027d0        0x0
 .v4_bx         0x080027d0        0x0 linker stubs

.iplt           0x080027d0        0x0
 .iplt          0x080027d0        0x0 C:/ST/STM32CubeIDE_1.19.0/STM32CubeIDE/plugins/com.st.stm32cube.ide.mcu.externaltools.gnu-tools-for-stm32.13.3.rel1.win32_1.0.0.202411081344/tools/bin/../lib/gcc/arm-none-eabi/13.3.1/thumb/v7-m/nofp/crtbegin.o

.rodata         0x080027d0     0x12fc
                0x080027d0                        . = ALIGN (0x4)
 *(.rodata)
 *(.rodata*)
 .rodata.itoa.str1.4
                0x080027d0       0x70 ./Core/Src/main.o
                                 0x11 (size before relaxing)
 .rodata.draw_duty.str1.4
                0x08002840        0x3 ./Core/Src/main.o
 .rodata.format_frequency.str1.4
                0x08002840       0x14 ./Core/Src/main.o
 .rodata.Stairman_Update.str1.4
                0x08002840       0x33 ./Core/Src/main.o
 .rodata.FreeSans8pt7b
                0x08002840        0xc ./Core/Src/main.o
                0x08002840                FreeSans8pt7b
 .rodata.FreeSans8pt7bGlyphs
                0x0800284c      0x2f8 ./Core/Src/main.o
                0x0800284c                FreeSans8pt7bGlyphs
 .rodata.FreeSans8pt7bBitmaps
                0x08002b44      0x349 ./Core/Src/main.o
                0x08002b44                FreeSans8pt7bBitmaps
 *fill*         0x08002e8d        0x3 
 .rodata.stairman1
                0x08002e90        0xc ./Stairman/stairman1.o
                0x08002e90                stairman1
 .rodata.image_data_stairman1
                0x08002e9c       0x60 ./Stairman/stairman1.o
 .rodata.stairman10
                0x08002efc        0xc ./Stairman/stairman10.o
                0x08002efc                stairman10
 .rodata.image_data_stairman10
                0x08002f08       0x60 ./Stairman/stairman10.o
 .rodata.stairman11
                0x08002f68        0xc ./Stairman/stairman11.o
                0x08002f68                stairman11
 .rodata.image_data_stairman11
                0x08002f74       0x60 ./Stairman/stairman11.o
 .rodata.stairman12
                0x08002fd4        0xc ./Stairman/stairman12.o
                0x08002fd4                stairman12
 .rodata.image_data_stairman12
                0x08002fe0       0x60 ./Stairman/stairman12.o
 .rodata.stairman13
                0x08003040        0xc ./Stairman/stairman13.o
                0x08003040                stairman13
 .rodata.image_data_stairman13
                0x0800304c       0x60 ./Stairman/stairman13.o
 .rodata.stairman14
                0x080030ac        0xc ./Stairman/stairman14.o
                0x080030ac                stairman14
 .rodata.image_data_stairman14
                0x080030b8       0x60 ./Stairman/stairman14.o
 .rodata.stairman15
                0x08003118        0xc ./Stairman/stairman15.o
                0x08003118                stairman15
 .rodata.image_data_stairman15
                0x08003124       0x60 ./Stairman/stairman15.o
 .rodata.stairman16
                0x08003184        0xc ./Stairman/stairman16.o
                0x08003184                stairman16
 .rodata.image_data_stairman16
                0x08003190       0x60 ./Stairman/stairman16.o
 .rodata.stairman17
                0x080031f0        0xc ./Stairman/stairman17.o
                0x080031f0                stairman17
 .rodata.image_data_stairman17
                0x080031fc       0x60 ./Stairman/stairman17.o
 .rodata.stairman18
                0x0800325c        0xc ./Stairman/stairman18.o
                0x0800325c                stairman18
 .rodata.image_data_stairman18
                0x08003268       0x60 ./Stairman/stairman18.o
 .rodata.stairman19
                0x080032c8        0xc ./Stairman/stairman19.o
                0x080032c8                stairman19
 .rodata.image_data_stairman19
                0x080032d4       0x60 ./Stairman/stairman19.o
 .rodata.stairman2
                0x08003334        0xc ./Stairman/stairman2.o
                0x08003334                stairman2
 .rodata.image_data_stairman2
                0x08003340       0x60 ./Stairman/stairman2.o
 .rodata.stairman20
                0x080033a0        0xc ./Stairman/stairman20.o
                0x080033a0                stairman20
 .rodata.image_data_stairman20
                0x080033ac       0x60 ./Stairman/stairman20.o
 .rodata.stairman21
                0x0800340c        0xc ./Stairman/stairman21.o
                0x0800340c                stairman21
 .rodata.image_data_stairman21
                0x08003418       0x60 ./Stairman/stairman21.o
 .rodata.stairman22
                0x08003478        0xc ./Stairman/stairman22.o
                0x08003478                stairman22
 .rodata.image_data_stairman22
                0x08003484       0x60 ./Stairman/stairman22.o
 .rodata.stairman23
                0x080034e4        0xc ./Stairman/stairman23.o
                0x080034e4                stairman23
 .rodata.image_data_stairman23
                0x080034f0       0x60 ./Stairman/stairman23.o
 .rodata.stairman24
                0x08003550        0xc ./Stairman/stairman24.o
                0x08003550                stairman24
 .rodata.image_data_stairman24
                0x0800355c       0x60 ./Stairman/stairman24.o
 .rodata.stairman25
                0x080035bc        0xc ./Stairman/stairman25.o
                0x080035bc                stairman25
 .rodata.image_data_stairman25
                0x080035c8       0x60 ./Stairman/stairman25.o
 .rodata.stairman26
                0x08003628        0xc ./Stairman/stairman26.o
                0x08003628                stairman26
 .rodata.image_data_stairman26
                0x08003634       0x60 ./Stairman/stairman26.o
 .rodata.stairman27
                0x08003694        0xc ./Stairman/stairman27.o
                0x08003694                stairman27
 .rodata.image_data_stairman27
                0x080036a0       0x60 ./Stairman/stairman27.o
 .rodata.stairman28
                0x08003700        0xc ./Stairman/stairman28.o
                0x08003700                stairman28
 .rodata.image_data_stairman28
                0x0800370c       0x60 ./Stairman/stairman28.o
 .rodata.stairman3
                0x0800376c        0xc ./Stairman/stairman3.o
                0x0800376c                stairman3
 .rodata.image_data_stairman3
                0x08003778       0x60 ./Stairman/stairman3.o
 .rodata.stairman4
                0x080037d8        0xc ./Stairman/stairman4.o
                0x080037d8                stairman4
 .rodata.image_data_stairman4
                0x080037e4       0x60 ./Stairman/stairman4.o
 .rodata.stairman5
                0x08003844        0xc ./Stairman/stairman5.o
                0x08003844                stairman5
 .rodata.image_data_stairman5
                0x08003850       0x60 ./Stairman/stairman5.o
 .rodata.stairman6
                0x080038b0        0xc ./Stairman/stairman6.o
                0x080038b0                stairman6
 .rodata.image_data_stairman6
                0x080038bc       0x60 ./Stairman/stairman6.o
 .rodata.stairman7
                0x0800391c        0xc ./Stairman/stairman7.o
                0x0800391c                stairman7
 .rodata.image_data_stairman7
                0x08003928       0x60 ./Stairman/stairman7.o
 .rodata.stairman8
                0x08003988        0xc ./Stairman/stairman8.o
                0x08003988                stairman8
 .rodata.image_data_stairman8
                0x08003994       0x60 ./Stairman/stairman8.o
 .rodata.stairman9
                0x080039f4        0xc ./Stairman/stairman9.o
                0x080039f4                stairman9
 .rodata.image_data_stairman9
                0x08003a00       0x60 ./Stairman/stairman9.o
 .rodata.stairmanfront
                0x08003a60        0xc ./Stairman/stairmanfront.o
                0x08003a60                stairmanfront
 .rodata.image_data_stairmanfront
                0x08003a6c       0x60 ./Stairman/stairmanfront.o
 .rodata.ST7735_Init.str1.4
                0x08003acc       0x10 ./ll_Lib/src/st7735s_ll.o
                0x08003adc                        . = ALIGN (0x4)

.ARM.extab      0x08003acc        0x0
                0x08003acc                        . = ALIGN (0x4)
 *(.ARM.extab* .gnu.linkonce.armextab.*)
                0x08003acc                        . = ALIGN (0x4)

.ARM            0x08003acc        0x8
                0x08003acc                        . = ALIGN (0x4)
                0x08003acc                        __exidx_start = .
 *(.ARM.exidx*)
 .ARM.exidx     0x08003acc        0x8 C:/ST/STM32CubeIDE_1.19.0/STM32CubeIDE/plugins/com.st.stm32cube.ide.mcu.externaltools.gnu-tools-for-stm32.13.3.rel1.win32_1.0.0.202411081344/tools/bin/../lib/gcc/arm-none-eabi/13.3.1/../../../../arm-none-eabi/lib/thumb/v7-m/nofp\libc_nano.a(libc_a-strlen.o)
                0x08003ad4                        __exidx_end = .
                0x08003ad4                        . = ALIGN (0x4)

.preinit_array  0x08003ad4        0x0
                0x08003ad4                        . = ALIGN (0x4)
                0x08003ad4                        PROVIDE (__preinit_array_start = .)
 *(.preinit_array*)
                0x08003ad4                        PROVIDE (__preinit_array_end = .)
                0x08003ad4                        . = ALIGN (0x4)

.init_array     0x08003ad4        0x4
                0x08003ad4                        . = ALIGN (0x4)
                0x08003ad4                        PROVIDE (__init_array_start = .)
 *(SORT_BY_NAME(.init_array.*))
 *(.init_array*)
 .init_array    0x08003ad4        0x4 C:/ST/STM32CubeIDE_1.19.0/STM32CubeIDE/plugins/com.st.stm32cube.ide.mcu.externaltools.gnu-tools-for-stm32.13.3.rel1.win32_1.0.0.202411081344/tools/bin/../lib/gcc/arm-none-eabi/13.3.1/thumb/v7-m/nofp/crtbegin.o
                0x08003ad8                        PROVIDE (__init_array_end = .)
                0x08003ad8                        . = ALIGN (0x4)

.fini_array     0x08003ad8        0x4
                0x08003ad8                        . = ALIGN (0x4)
                [!provide]                        PROVIDE (__fini_array_start = .)
 *(SORT_BY_NAME(.fini_array.*))
 *(.fini_array*)
 .fini_array    0x08003ad8        0x4 C:/ST/STM32CubeIDE_1.19.0/STM32CubeIDE/plugins/com.st.stm32cube.ide.mcu.externaltools.gnu-tools-for-stm32.13.3.rel1.win32_1.0.0.202411081344/tools/bin/../lib/gcc/arm-none-eabi/13.3.1/thumb/v7-m/nofp/crtbegin.o
                [!provide]                        PROVIDE (__fini_array_end = .)
                0x08003adc                        . = ALIGN (0x4)
                0x08003adc                        _sidata = LOADADDR (.data)

.rel.dyn        0x08003adc        0x0
 .rel.iplt      0x08003adc        0x0 C:/ST/STM32CubeIDE_1.19.0/STM32CubeIDE/plugins/com.st.stm32cube.ide.mcu.externaltools.gnu-tools-for-stm32.13.3.rel1.win32_1.0.0.202411081344/tools/bin/../lib/gcc/arm-none-eabi/13.3.1/thumb/v7-m/nofp/crtbegin.o

.data           0x20000000       0x84 load address 0x08003adc
                0x20000000                        . = ALIGN (0x4)
                0x20000000                        _sdata = .
 *(.data)
 *(.data*)
 .data.anim_y   0x20000000        0x4 ./Core/Src/main.o
 .data.anim_x   0x20000004        0x4 ./Core/Src/main.o
 .data.SystemCoreClock
                0x20000008        0x4 ./Core/Src/system_stm32f1xx.o
                0x20000008                SystemCoreClock
 .data.StairmanFrames
                0x2000000c       0x74 ./Stairman/Stairman.o
                0x2000000c                StairmanFrames
 .data._height  0x20000080        0x1 ./ll_Lib/src/st7735s_ll.o
 .data._width   0x20000081        0x1 ./ll_Lib/src/st7735s_ll.o
 *(.RamFunc)
 *(.RamFunc*)
                0x20000084                        . = ALIGN (0x4)
 *fill*         0x20000082        0x2 
                0x20000084                        _edata = .

.igot.plt       0x20000084        0x0 load address 0x08003b60
 .igot.plt      0x20000084        0x0 C:/ST/STM32CubeIDE_1.19.0/STM32CubeIDE/plugins/com.st.stm32cube.ide.mcu.externaltools.gnu-tools-for-stm32.13.3.rel1.win32_1.0.0.202411081344/tools/bin/../lib/gcc/arm-none-eabi/13.3.1/thumb/v7-m/nofp/crtbegin.o
                0x20000084                        . = ALIGN (0x4)

.bss            0x20000088       0x4c load address 0x08003b60
                0x20000088                        _sbss = .
                0x20000088                        __bss_start__ = _sbss
 *(.bss)
 .bss           0x20000088       0x1c C:/ST/STM32CubeIDE_1.19.0/STM32CubeIDE/plugins/com.st.stm32cube.ide.mcu.externaltools.gnu-tools-for-stm32.13.3.rel1.win32_1.0.0.202411081344/tools/bin/../lib/gcc/arm-none-eabi/13.3.1/thumb/v7-m/nofp/crtbegin.o
 *(.bss*)
 .bss.IC2       0x200000a4        0x4 ./CaptureLib/fpCounter/src/fpCounter.o
 .bss.IC1       0x200000a8        0x4 ./CaptureLib/fpCounter/src/fpCounter.o
 .bss.last.0    0x200000ac        0x4 ./Core/Src/main.o
 .bss.anim_pause
                0x200000b0        0x4 ./Core/Src/main.o
 .bss.frame_pause
                0x200000b4        0x1 ./Core/Src/main.o
 .bss.frame_action
                0x200000b5        0x1 ./Core/Src/main.o
 .bss.frame_done
                0x200000b6        0x1 ./Core/Src/main.o
 .bss.frame     0x200000b7        0x1 ./Core/Src/main.o
 .bss.duty      0x200000b8        0x4 ./Core/Src/main.o
                0x200000b8                duty
 .bss.frequency
                0x200000bc        0x4 ./Core/Src/main.o
                0x200000bc                frequency
 .bss.period    0x200000c0        0x8 ./Core/Src/main.o
                0x200000c0                period
 .bss.last_anim_ms
                0x200000c8        0x4 ./Core/Src/main.o
 .bss.measure_timer
                0x200000cc        0x4 ./Core/Src/main.o
                0x200000cc                measure_timer
 .bss.msTick    0x200000d0        0x4 ./Core/Src/main.o
                0x200000d0                msTick
 *(COMMON)
                0x200000d4                        . = ALIGN (0x4)
                0x200000d4                        _ebss = .
                0x200000d4                        __bss_end__ = _ebss

._user_heap_stack
                0x200000d4      0x604 load address 0x08003b60
                0x200000d8                        . = ALIGN (0x8)
 *fill*         0x200000d4        0x4 
                [!provide]                        PROVIDE (end = .)
                0x200000d8                        PROVIDE (_end = .)
                0x200002d8                        . = (. + _Min_Heap_Size)
 *fill*         0x200000d8      0x200 
                0x200006d8                        . = (. + _Min_Stack_Size)
 *fill*         0x200002d8      0x400 
                0x200006d8                        . = ALIGN (0x8)

/DISCARD/
 libc.a(*)
 libm.a(*)
 libgcc.a(*)

.ARM.attributes
                0x00000000       0x29
 *(.ARM.attributes)
 .ARM.attributes
                0x00000000       0x1d C:/ST/STM32CubeIDE_1.19.0/STM32CubeIDE/plugins/com.st.stm32cube.ide.mcu.externaltools.gnu-tools-for-stm32.13.3.rel1.win32_1.0.0.202411081344/tools/bin/../lib/gcc/arm-none-eabi/13.3.1/thumb/v7-m/nofp/crti.o
 .ARM.attributes
                0x0000001d       0x2d C:/ST/STM32CubeIDE_1.19.0/STM32CubeIDE/plugins/com.st.stm32cube.ide.mcu.externaltools.gnu-tools-for-stm32.13.3.rel1.win32_1.0.0.202411081344/tools/bin/../lib/gcc/arm-none-eabi/13.3.1/thumb/v7-m/nofp/crtbegin.o
 .ARM.attributes
                0x0000004a       0x2d ./CaptureLib/fpCounter/src/fpCounter.o
 .ARM.attributes
                0x00000077       0x2d ./Core/Src/delay.o
 .ARM.attributes
                0x000000a4       0x2d ./Core/Src/main.o
 .ARM.attributes
                0x000000d1       0x2d ./Core/Src/stm32f1xx_it.o
 .ARM.attributes
                0x000000fe       0x2d ./Core/Src/system_stm32f1xx.o
 .ARM.attributes
                0x0000012b       0x21 ./Core/Startup/startup_stm32f103c8tx.o
 .ARM.attributes
                0x0000014c       0x2d ./Drivers/STM32F1xx_HAL_Driver/Src/stm32f1xx_ll_gpio.o
 .ARM.attributes
                0x00000179       0x2d ./Drivers/STM32F1xx_HAL_Driver/Src/stm32f1xx_ll_spi.o
 .ARM.attributes
                0x000001a6       0x2d ./Drivers/STM32F1xx_HAL_Driver/Src/stm32f1xx_ll_tim.o
 .ARM.attributes
                0x000001d3       0x2d ./Drivers/STM32F1xx_HAL_Driver/Src/stm32f1xx_ll_utils.o
 .ARM.attributes
                0x00000200       0x2d ./Stairman/Stairman.o
 .ARM.attributes
                0x0000022d       0x2d ./Stairman/stairman1.o
 .ARM.attributes
                0x0000025a       0x2d ./Stairman/stairman10.o
 .ARM.attributes
                0x00000287       0x2d ./Stairman/stairman11.o
 .ARM.attributes
                0x000002b4       0x2d ./Stairman/stairman12.o
 .ARM.attributes
                0x000002e1       0x2d ./Stairman/stairman13.o
 .ARM.attributes
                0x0000030e       0x2d ./Stairman/stairman14.o
 .ARM.attributes
                0x0000033b       0x2d ./Stairman/stairman15.o
 .ARM.attributes
                0x00000368       0x2d ./Stairman/stairman16.o
 .ARM.attributes
                0x00000395       0x2d ./Stairman/stairman17.o
 .ARM.attributes
                0x000003c2       0x2d ./Stairman/stairman18.o
 .ARM.attributes
                0x000003ef       0x2d ./Stairman/stairman19.o
 .ARM.attributes
                0x0000041c       0x2d ./Stairman/stairman2.o
 .ARM.attributes
                0x00000449       0x2d ./Stairman/stairman20.o
 .ARM.attributes
                0x00000476       0x2d ./Stairman/stairman21.o
 .ARM.attributes
                0x000004a3       0x2d ./Stairman/stairman22.o
 .ARM.attributes
                0x000004d0       0x2d ./Stairman/stairman23.o
 .ARM.attributes
                0x000004fd       0x2d ./Stairman/stairman24.o
 .ARM.attributes
                0x0000052a       0x2d ./Stairman/stairman25.o
 .ARM.attributes
                0x00000557       0x2d ./Stairman/stairman26.o
 .ARM.attributes
                0x00000584       0x2d ./Stairman/stairman27.o
 .ARM.attributes
                0x000005b1       0x2d ./Stairman/stairman28.o
 .ARM.attributes
                0x000005de       0x2d ./Stairman/stairman3.o
 .ARM.attributes
                0x0000060b       0x2d ./Stairman/stairman4.o
 .ARM.attributes
                0x00000638       0x2d ./Stairman/stairman5.o
 .ARM.attributes
                0x00000665       0x2d ./Stairman/stairman6.o
 .ARM.attributes
                0x00000692       0x2d ./Stairman/stairman7.o
 .ARM.attributes
                0x000006bf       0x2d ./Stairman/stairman8.o
 .ARM.attributes
                0x000006ec       0x2d ./Stairman/stairman9.o
 .ARM.attributes
                0x00000719       0x2d ./Stairman/stairmanfront.o
 .ARM.attributes
                0x00000746       0x2d ./ll_Lib/src/st7735s_ll.o
 .ARM.attributes
                0x00000773       0x2d C:/ST/STM32CubeIDE_1.19.0/STM32CubeIDE/plugins/com.st.stm32cube.ide.mcu.externaltools.gnu-tools-for-stm32.13.3.rel1.win32_1.0.0.202411081344/tools/bin/../lib/gcc/arm-none-eabi/13.3.1/../../../../arm-none-eabi/lib/thumb/v7-m/nofp\libc_nano.a(libc_a-memset.o)
 .ARM.attributes
                0x000007a0       0x2d C:/ST/STM32CubeIDE_1.19.0/STM32CubeIDE/plugins/com.st.stm32cube.ide.mcu.externaltools.gnu-tools-for-stm32.13.3.rel1.win32_1.0.0.202411081344/tools/bin/../lib/gcc/arm-none-eabi/13.3.1/../../../../arm-none-eabi/lib/thumb/v7-m/nofp\libc_nano.a(libc_a-init.o)
 .ARM.attributes
                0x000007cd       0x2d C:/ST/STM32CubeIDE_1.19.0/STM32CubeIDE/plugins/com.st.stm32cube.ide.mcu.externaltools.gnu-tools-for-stm32.13.3.rel1.win32_1.0.0.202411081344/tools/bin/../lib/gcc/arm-none-eabi/13.3.1/../../../../arm-none-eabi/lib/thumb/v7-m/nofp\libc_nano.a(libc_a-strcpy.o)
 .ARM.attributes
                0x000007fa       0x17 C:/ST/STM32CubeIDE_1.19.0/STM32CubeIDE/plugins/com.st.stm32cube.ide.mcu.externaltools.gnu-tools-for-stm32.13.3.rel1.win32_1.0.0.202411081344/tools/bin/../lib/gcc/arm-none-eabi/13.3.1/../../../../arm-none-eabi/lib/thumb/v7-m/nofp\libc_nano.a(libc_a-strlen.o)
 .ARM.attributes
                0x00000811       0x1d C:/ST/STM32CubeIDE_1.19.0/STM32CubeIDE/plugins/com.st.stm32cube.ide.mcu.externaltools.gnu-tools-for-stm32.13.3.rel1.win32_1.0.0.202411081344/tools/bin/../lib/gcc/arm-none-eabi/13.3.1/thumb/v7-m/nofp\libgcc.a(_arm_addsubdf3.o)
 .ARM.attributes
                0x0000082e       0x1d C:/ST/STM32CubeIDE_1.19.0/STM32CubeIDE/plugins/com.st.stm32cube.ide.mcu.externaltools.gnu-tools-for-stm32.13.3.rel1.win32_1.0.0.202411081344/tools/bin/../lib/gcc/arm-none-eabi/13.3.1/thumb/v7-m/nofp\libgcc.a(_arm_muldivdf3.o)
 .ARM.attributes
                0x0000084b       0x1d C:/ST/STM32CubeIDE_1.19.0/STM32CubeIDE/plugins/com.st.stm32cube.ide.mcu.externaltools.gnu-tools-for-stm32.13.3.rel1.win32_1.0.0.202411081344/tools/bin/../lib/gcc/arm-none-eabi/13.3.1/thumb/v7-m/nofp\libgcc.a(_arm_fixunsdfsi.o)
 .ARM.attributes
                0x00000868       0x1d C:/ST/STM32CubeIDE_1.19.0/STM32CubeIDE/plugins/com.st.stm32cube.ide.mcu.externaltools.gnu-tools-for-stm32.13.3.rel1.win32_1.0.0.202411081344/tools/bin/../lib/gcc/arm-none-eabi/13.3.1/thumb/v7-m/nofp\libgcc.a(_arm_addsubsf3.o)
 .ARM.attributes
                0x00000885       0x1d C:/ST/STM32CubeIDE_1.19.0/STM32CubeIDE/plugins/com.st.stm32cube.ide.mcu.externaltools.gnu-tools-for-stm32.13.3.rel1.win32_1.0.0.202411081344/tools/bin/../lib/gcc/arm-none-eabi/13.3.1/thumb/v7-m/nofp\libgcc.a(_arm_muldivsf3.o)
 .ARM.attributes
                0x000008a2       0x1d C:/ST/STM32CubeIDE_1.19.0/STM32CubeIDE/plugins/com.st.stm32cube.ide.mcu.externaltools.gnu-tools-for-stm32.13.3.rel1.win32_1.0.0.202411081344/tools/bin/../lib/gcc/arm-none-eabi/13.3.1/thumb/v7-m/nofp\libgcc.a(_arm_cmpsf2.o)
 .ARM.attributes
                0x000008bf       0x1d C:/ST/STM32CubeIDE_1.19.0/STM32CubeIDE/plugins/com.st.stm32cube.ide.mcu.externaltools.gnu-tools-for-stm32.13.3.rel1.win32_1.0.0.202411081344/tools/bin/../lib/gcc/arm-none-eabi/13.3.1/thumb/v7-m/nofp\libgcc.a(_arm_fixsfsi.o)
 .ARM.attributes
                0x000008dc       0x1d C:/ST/STM32CubeIDE_1.19.0/STM32CubeIDE/plugins/com.st.stm32cube.ide.mcu.externaltools.gnu-tools-for-stm32.13.3.rel1.win32_1.0.0.202411081344/tools/bin/../lib/gcc/arm-none-eabi/13.3.1/thumb/v7-m/nofp/crtn.o
OUTPUT(FrequencyCounter_Animation.elf elf32-littlearm)
LOAD linker stubs
LOAD C:/ST/STM32CubeIDE_1.19.0/STM32CubeIDE/plugins/com.st.stm32cube.ide.mcu.externaltools.gnu-tools-for-stm32.13.3.rel1.win32_1.0.0.202411081344/tools/bin/../lib/gcc/arm-none-eabi/13.3.1/../../../../arm-none-eabi/lib/thumb/v7-m/nofp\libc.a
LOAD C:/ST/STM32CubeIDE_1.19.0/STM32CubeIDE/plugins/com.st.stm32cube.ide.mcu.externaltools.gnu-tools-for-stm32.13.3.rel1.win32_1.0.0.202411081344/tools/bin/../lib/gcc/arm-none-eabi/13.3.1/../../../../arm-none-eabi/lib/thumb/v7-m/nofp\libm.a
LOAD C:/ST/STM32CubeIDE_1.19.0/STM32CubeIDE/plugins/com.st.stm32cube.ide.mcu.externaltools.gnu-tools-for-stm32.13.3.rel1.win32_1.0.0.202411081344/tools/bin/../lib/gcc/arm-none-eabi/13.3.1/thumb/v7-m/nofp\libgcc.a

.comment        0x00000000       0x43
 .comment       0x00000000       0x43 ./CaptureLib/fpCounter/src/fpCounter.o
                                 0x44 (size before relaxing)
 .comment       0x00000043       0x44 ./Core/Src/delay.o
 .comment       0x00000043       0x44 ./Core/Src/main.o
 .comment       0x00000043       0x44 ./Core/Src/stm32f1xx_it.o
 .comment       0x00000043       0x44 ./Core/Src/system_stm32f1xx.o
 .comment       0x00000043       0x44 ./Drivers/STM32F1xx_HAL_Driver/Src/stm32f1xx_ll_gpio.o
 .comment       0x00000043       0x44 ./Drivers/STM32F1xx_HAL_Driver/Src/stm32f1xx_ll_spi.o
 .comment       0x00000043       0x44 ./Drivers/STM32F1xx_HAL_Driver/Src/stm32f1xx_ll_tim.o
 .comment       0x00000043       0x44 ./Drivers/STM32F1xx_HAL_Driver/Src/stm32f1xx_ll_utils.o
 .comment       0x00000043       0x44 ./Stairman/Stairman.o
 .comment       0x00000043       0x44 ./Stairman/stairman1.o
 .comment       0x00000043       0x44 ./Stairman/stairman10.o
 .comment       0x00000043       0x44 ./Stairman/stairman11.o
 .comment       0x00000043       0x44 ./Stairman/stairman12.o
 .comment       0x00000043       0x44 ./Stairman/stairman13.o
 .comment       0x00000043       0x44 ./Stairman/stairman14.o
 .comment       0x00000043       0x44 ./Stairman/stairman15.o
 .comment       0x00000043       0x44 ./Stairman/stairman16.o
 .comment       0x00000043       0x44 ./Stairman/stairman17.o
 .comment       0x00000043       0x44 ./Stairman/stairman18.o
 .comment       0x00000043       0x44 ./Stairman/stairman19.o
 .comment       0x00000043       0x44 ./Stairman/stairman2.o
 .comment       0x00000043       0x44 ./Stairman/stairman20.o
 .comment       0x00000043       0x44 ./Stairman/stairman21.o
 .comment       0x00000043       0x44 ./Stairman/stairman22.o
 .comment       0x00000043       0x44 ./Stairman/stairman23.o
 .comment       0x00000043       0x44 ./Stairman/stairman24.o
 .comment       0x00000043       0x44 ./Stairman/stairman25.o
 .comment       0x00000043       0x44 ./Stairman/stairman26.o
 .comment       0x00000043       0x44 ./Stairman/stairman27.o
 .comment       0x00000043       0x44 ./Stairman/stairman28.o
 .comment       0x00000043       0x44 ./Stairman/stairman3.o
 .comment       0x00000043       0x44 ./Stairman/stairman4.o
 .comment       0x00000043       0x44 ./Stairman/stairman5.o
 .comment       0x00000043       0x44 ./Stairman/stairman6.o
 .comment       0x00000043       0x44 ./Stairman/stairman7.o
 .comment       0x00000043       0x44 ./Stairman/stairman8.o
 .comment       0x00000043       0x44 ./Stairman/stairman9.o
 .comment       0x00000043       0x44 ./Stairman/stairmanfront.o
 .comment       0x00000043       0x44 ./ll_Lib/src/st7735s_ll.o

.debug_frame    0x00000000      0x2fc
 .debug_frame   0x00000000       0x20 C:/ST/STM32CubeIDE_1.19.0/STM32CubeIDE/plugins/com.st.stm32cube.ide.mcu.externaltools.gnu-tools-for-stm32.13.3.rel1.win32_1.0.0.202411081344/tools/bin/../lib/gcc/arm-none-eabi/13.3.1/../../../../arm-none-eabi/lib/thumb/v7-m/nofp\libc_nano.a(libc_a-memset.o)
 .debug_frame   0x00000020       0x2c C:/ST/STM32CubeIDE_1.19.0/STM32CubeIDE/plugins/com.st.stm32cube.ide.mcu.externaltools.gnu-tools-for-stm32.13.3.rel1.win32_1.0.0.202411081344/tools/bin/../lib/gcc/arm-none-eabi/13.3.1/../../../../arm-none-eabi/lib/thumb/v7-m/nofp\libc_nano.a(libc_a-init.o)
 .debug_frame   0x0000004c       0x20 C:/ST/STM32CubeIDE_1.19.0/STM32CubeIDE/plugins/com.st.stm32cube.ide.mcu.externaltools.gnu-tools-for-stm32.13.3.rel1.win32_1.0.0.202411081344/tools/bin/../lib/gcc/arm-none-eabi/13.3.1/../../../../arm-none-eabi/lib/thumb/v7-m/nofp\libc_nano.a(libc_a-strcpy.o)
 .debug_frame   0x0000006c       0xac C:/ST/STM32CubeIDE_1.19.0/STM32CubeIDE/plugins/com.st.stm32cube.ide.mcu.externaltools.gnu-tools-for-stm32.13.3.rel1.win32_1.0.0.202411081344/tools/bin/../lib/gcc/arm-none-eabi/13.3.1/thumb/v7-m/nofp\libgcc.a(_arm_addsubdf3.o)
 .debug_frame   0x00000118       0x50 C:/ST/STM32CubeIDE_1.19.0/STM32CubeIDE/plugins/com.st.stm32cube.ide.mcu.externaltools.gnu-tools-for-stm32.13.3.rel1.win32_1.0.0.202411081344/tools/bin/../lib/gcc/arm-none-eabi/13.3.1/thumb/v7-m/nofp\libgcc.a(_arm_muldivdf3.o)
 .debug_frame   0x00000168       0x24 C:/ST/STM32CubeIDE_1.19.0/STM32CubeIDE/plugins/com.st.stm32cube.ide.mcu.externaltools.gnu-tools-for-stm32.13.3.rel1.win32_1.0.0.202411081344/tools/bin/../lib/gcc/arm-none-eabi/13.3.1/thumb/v7-m/nofp\libgcc.a(_arm_fixunsdfsi.o)
 .debug_frame   0x0000018c       0x4c C:/ST/STM32CubeIDE_1.19.0/STM32CubeIDE/plugins/com.st.stm32cube.ide.mcu.externaltools.gnu-tools-for-stm32.13.3.rel1.win32_1.0.0.202411081344/tools/bin/../lib/gcc/arm-none-eabi/13.3.1/thumb/v7-m/nofp\libgcc.a(_arm_addsubsf3.o)
 .debug_frame   0x000001d8       0x38 C:/ST/STM32CubeIDE_1.19.0/STM32CubeIDE/plugins/com.st.stm32cube.ide.mcu.externaltools.gnu-tools-for-stm32.13.3.rel1.win32_1.0.0.202411081344/tools/bin/../lib/gcc/arm-none-eabi/13.3.1/thumb/v7-m/nofp\libgcc.a(_arm_muldivsf3.o)
 .debug_frame   0x00000210       0xc8 C:/ST/STM32CubeIDE_1.19.0/STM32CubeIDE/plugins/com.st.stm32cube.ide.mcu.externaltools.gnu-tools-for-stm32.13.3.rel1.win32_1.0.0.202411081344/tools/bin/../lib/gcc/arm-none-eabi/13.3.1/thumb/v7-m/nofp\libgcc.a(_arm_cmpsf2.o)
 .debug_frame   0x000002d8       0x24 C:/ST/STM32CubeIDE_1.19.0/STM32CubeIDE/plugins/com.st.stm32cube.ide.mcu.externaltools.gnu-tools-for-stm32.13.3.rel1.win32_1.0.0.202411081344/tools/bin/../lib/gcc/arm-none-eabi/13.3.1/thumb/v7-m/nofp\libgcc.a(_arm_fixsfsi.o)
